log: read from string
find a undefined symbol: java_lang_System_arraycopy, assert it is a function.
log: code:
{
  struct org_apache_lucene_analysis_icu_ICUTransformFilter___ReplaceableTermAttribute {
    int length;
    char *buffer[10];
  };
  struct org_apache_lucene_analysis_tokenattributes_CharTermAttribute {
  };
  struct org_apache_lucene_analysis_icu_ICUTransformFilter___ReplaceableTermAttribute *r0;
  int i1;
  int i0;
  int i4;
  int i2 = i0 - i1;
  int ___i3 = r0->length;
  int ___i5 = ___i3 - i2;
  int i6 = ___i5 + i4;
  int ___i7 = r0->length;
  @ i6 <= ___i7;
  @ !(i2 == i4);
  int ___i8 = r0->length;
  @ !(i0 >= ___i8);
  char *___r2[10] = r0->buffer;
  char *___r1[10] = r0->buffer;
  int ___i11 = i1 + i4;
  int ___i9 = r0->length;
  int ___i10 = ___i9 - i0;
  java_lang_System_arraycopy(___r2, i0, ___r1, ___i11, ___i10);
  return i6;
}
log: ast:
Root
|-DeclStmt
| `-StructDecl org_apache_lucene_analysis_icu_ICUTransformFilter___ReplaceableTermAttribute
|   |-FieldDecl length 'int'
|   `-FieldDecl buffer 'char *[10]'
|-DeclStmt
| `-StructDecl org_apache_lucene_analysis_tokenattributes_CharTermAttribute
|-DeclStmt
| `-VarDecl r0 'struct org_apache_lucene_analysis_icu_ICUTransformFilter___ReplaceableTermAttribute *'
|-DeclStmt
| `-VarDecl i1 'int'
|-DeclStmt
| `-VarDecl i0 'int'
|-DeclStmt
| `-VarDecl i4 'int'
|-DeclStmt
| `-VarDecl i2 'int'
|   `-BinaryOperator 'int' -
|     |-ImplicitCastExpr 'int'
|     | `-DeclRefExpr 'int' lvalue 'i0'
|     `-ImplicitCastExpr 'int'
|       `-DeclRefExpr 'int' lvalue 'i1'
|-DeclStmt
| `-VarDecl ___i3 'int'
|   `-ImplicitCastExpr 'int'
|     `-MemberExpr ->length
|       `-ImplicitCastExpr 'struct org_apache_lucene_analysis_icu_ICUTransformFilter___ReplaceableTermAttribute *'
|         `-DeclRefExpr 'struct org_apache_lucene_analysis_icu_ICUTransformFilter___ReplaceableTermAttribute *' lvalue 'r0'
|-DeclStmt
| `-VarDecl ___i5 'int'
|   `-BinaryOperator 'int' -
|     |-ImplicitCastExpr 'int'
|     | `-DeclRefExpr 'int' lvalue '___i3'
|     `-ImplicitCastExpr 'int'
|       `-DeclRefExpr 'int' lvalue 'i2'
|-DeclStmt
| `-VarDecl i6 'int'
|   `-BinaryOperator 'int' +
|     |-ImplicitCastExpr 'int'
|     | `-DeclRefExpr 'int' lvalue '___i5'
|     `-ImplicitCastExpr 'int'
|       `-DeclRefExpr 'int' lvalue 'i4'
|-DeclStmt
| `-VarDecl ___i7 'int'
|   `-ImplicitCastExpr 'int'
|     `-MemberExpr ->length
|       `-ImplicitCastExpr 'struct org_apache_lucene_analysis_icu_ICUTransformFilter___ReplaceableTermAttribute *'
|         `-DeclRefExpr 'struct org_apache_lucene_analysis_icu_ICUTransformFilter___ReplaceableTermAttribute *' lvalue 'r0'
|-SignStmt
| `-BinaryOperator 'int' <=
|   |-ImplicitCastExpr 'int'
|   | `-DeclRefExpr 'int' lvalue 'i6'
|   `-ImplicitCastExpr 'int'
|     `-DeclRefExpr 'int' lvalue '___i7'
|-SignStmt
| `-UnaryOperator 'int' '!'
|   `-BinaryOperator 'int' ==
|     |-ImplicitCastExpr 'int'
|     | `-DeclRefExpr 'int' lvalue 'i2'
|     `-ImplicitCastExpr 'int'
|       `-DeclRefExpr 'int' lvalue 'i4'
|-DeclStmt
| `-VarDecl ___i8 'int'
|   `-ImplicitCastExpr 'int'
|     `-MemberExpr ->length
|       `-ImplicitCastExpr 'struct org_apache_lucene_analysis_icu_ICUTransformFilter___ReplaceableTermAttribute *'
|         `-DeclRefExpr 'struct org_apache_lucene_analysis_icu_ICUTransformFilter___ReplaceableTermAttribute *' lvalue 'r0'
|-SignStmt
| `-UnaryOperator 'int' '!'
|   `-BinaryOperator 'int' >=
|     |-ImplicitCastExpr 'int'
|     | `-DeclRefExpr 'int' lvalue 'i0'
|     `-ImplicitCastExpr 'int'
|       `-DeclRefExpr 'int' lvalue '___i8'
|-DeclStmt
| `-VarDecl ___r2 'char *[10]'
|   `-ImplicitCastExpr 'char *[10]'
|     `-MemberExpr ->buffer
|       `-ImplicitCastExpr 'struct org_apache_lucene_analysis_icu_ICUTransformFilter___ReplaceableTermAttribute *'
|         `-DeclRefExpr 'struct org_apache_lucene_analysis_icu_ICUTransformFilter___ReplaceableTermAttribute *' lvalue 'r0'
|-DeclStmt
| `-VarDecl ___r1 'char *[10]'
|   `-ImplicitCastExpr 'char *[10]'
|     `-MemberExpr ->buffer
|       `-ImplicitCastExpr 'struct org_apache_lucene_analysis_icu_ICUTransformFilter___ReplaceableTermAttribute *'
|         `-DeclRefExpr 'struct org_apache_lucene_analysis_icu_ICUTransformFilter___ReplaceableTermAttribute *' lvalue 'r0'
|-DeclStmt
| `-VarDecl ___i11 'int'
|   `-BinaryOperator 'int' +
|     |-ImplicitCastExpr 'int'
|     | `-DeclRefExpr 'int' lvalue 'i1'
|     `-ImplicitCastExpr 'int'
|       `-DeclRefExpr 'int' lvalue 'i4'
|-DeclStmt
| `-VarDecl ___i9 'int'
|   `-ImplicitCastExpr 'int'
|     `-MemberExpr ->length
|       `-ImplicitCastExpr 'struct org_apache_lucene_analysis_icu_ICUTransformFilter___ReplaceableTermAttribute *'
|         `-DeclRefExpr 'struct org_apache_lucene_analysis_icu_ICUTransformFilter___ReplaceableTermAttribute *' lvalue 'r0'
|-DeclStmt
| `-VarDecl ___i10 'int'
|   `-BinaryOperator 'int' -
|     |-ImplicitCastExpr 'int'
|     | `-DeclRefExpr 'int' lvalue '___i9'
|     `-ImplicitCastExpr 'int'
|       `-DeclRefExpr 'int' lvalue 'i0'
|-CallExpr 'int'
| |-ImplicitCastExpr 'int (*)()'
| | `-DeclRefExpr 'int ()' lvalue 'java_lang_System_arraycopy'
| |-ImplicitCastExpr 'char *[10]'
| | `-DeclRefExpr 'char *[10]' lvalue '___r2'
| |-ImplicitCastExpr 'int'
| | `-DeclRefExpr 'int' lvalue 'i0'
| |-ImplicitCastExpr 'char *[10]'
| | `-DeclRefExpr 'char *[10]' lvalue '___r1'
| |-ImplicitCastExpr 'int'
| | `-DeclRefExpr 'int' lvalue '___i11'
| `-ImplicitCastExpr 'int'
|   `-DeclRefExpr 'int' lvalue '___i10'
`-ReturnStmt
  `-ImplicitCastExpr 'int'
    `-DeclRefExpr 'int' lvalue 'i6'
log: solve
debug:solver.cpp:47: input is a c1 path.
; 
(set-info :status unknown)
(declare-fun @av0 () (Array Int Int))
(assert
 (let ((?x8 (+ 0 1)))
 (let ((?x9 (+ ?x8 1)))
 (let ((?x10 (+ ?x9 1)))
 (let ((?x11 (+ ?x10 1)))
 (let ((?x16 (+ ?x11 1)))
 (let ((?x21 (+ ?x16 1)))
 (let ((?x26 (+ ?x21 1)))
 (let ((?x31 (+ ?x26 1)))
 (let ((?x15 (store @av0 ?x11 (- (select @av0 ?x9) (select @av0 ?x8)))))
 (let ((?x20 (store ?x15 ?x16 (select ?x15 (+ (select ?x15 0) 0)))))
 (let ((?x25 (store ?x20 ?x21 (- (select ?x20 ?x16) (select ?x20 ?x11)))))
 (let ((?x30 (store ?x25 ?x26 (+ (select ?x25 ?x21) (select ?x25 ?x10)))))
 (let ((?x35 (store ?x30 ?x31 (select ?x30 (+ (select ?x30 0) 1)))))
 (<= (select ?x35 ?x26) (select ?x35 ?x31))))))))))))))))
(assert
 (let ((?x8 (+ 0 1)))
 (let ((?x9 (+ ?x8 1)))
 (let ((?x10 (+ ?x9 1)))
 (let ((?x11 (+ ?x10 1)))
 (let ((?x15 (store @av0 ?x11 (- (select @av0 ?x9) (select @av0 ?x8)))))
 (let ((?x16 (+ ?x11 1)))
 (let ((?x20 (store ?x15 ?x16 (select ?x15 (+ (select ?x15 0) 0)))))
 (let ((?x21 (+ ?x16 1)))
 (let ((?x25 (store ?x20 ?x21 (- (select ?x20 ?x16) (select ?x20 ?x11)))))
 (let ((?x26 (+ ?x21 1)))
 (let ((?x30 (store ?x25 ?x26 (+ (select ?x25 ?x21) (select ?x25 ?x10)))))
 (let ((?x31 (+ ?x26 1)))
 (let ((?x35 (store ?x30 ?x31 (select ?x30 (+ (select ?x30 0) 1)))))
 (not (= (select ?x35 ?x11) (select ?x35 ?x10)))))))))))))))))
(assert
 (let ((?x8 (+ 0 1)))
 (let ((?x9 (+ ?x8 1)))
 (let ((?x10 (+ ?x9 1)))
 (let ((?x11 (+ ?x10 1)))
 (let ((?x16 (+ ?x11 1)))
 (let ((?x21 (+ ?x16 1)))
 (let ((?x26 (+ ?x21 1)))
 (let ((?x31 (+ ?x26 1)))
 (let ((?x43 (+ ?x31 1)))
 (let ((?x15 (store @av0 ?x11 (- (select @av0 ?x9) (select @av0 ?x8)))))
 (let ((?x20 (store ?x15 ?x16 (select ?x15 (+ (select ?x15 0) 0)))))
 (let ((?x25 (store ?x20 ?x21 (- (select ?x20 ?x16) (select ?x20 ?x11)))))
 (let ((?x30 (store ?x25 ?x26 (+ (select ?x25 ?x21) (select ?x25 ?x10)))))
 (let ((?x35 (store ?x30 ?x31 (select ?x30 (+ (select ?x30 0) 1)))))
 (let ((?x47 (store ?x35 ?x43 (select ?x35 (+ (select ?x35 0) 1)))))
 (not (>= (select ?x47 ?x9) (select ?x47 ?x43)))))))))))))))))))
(check-sat)

feasible with the model:
(define-fun @av5 () (Array Int Int)
  (let ((a!1 (+ (+ (+ (+ 0 1) 1) 1) 1))
      (a!2 (- (select @av0 (+ (+ 0 1) 1)) (select @av0 (+ 0 1)))))
(let ((a!3 (select (store @av0 a!1 a!2) (+ (select (store @av0 a!1 a!2) 0) 0)))
      (a!9 (+ (+ (+ (+ a!1 1) 1) 1) 1)))
(let ((a!4 (- (select (store (store @av0 a!1 a!2) (+ a!1 1) a!3) (+ a!1 1))
              (select (store (store @av0 a!1 a!2) (+ a!1 1) a!3) a!1))))
(let ((a!5 (store (store (store @av0 a!1 a!2) (+ a!1 1) a!3)
                  (+ (+ a!1 1) 1)
                  a!4)))
(let ((a!6 (select a!5 (+ (+ (+ 0 1) 1) 1))))
(let ((a!7 (+ (select a!5 (+ (+ a!1 1) 1)) a!6)))
(let ((a!8 (store a!5 (+ (+ (+ a!1 1) 1) 1) a!7)))
  (store a!8 a!9 (select a!8 (+ (select a!8 0) 1)))))))))))
(define-fun @av2 () (Array Int Int)
  (let ((a!1 (- (select @av0 (+ (+ 0 1) 1)) (select @av0 (+ 0 1))))
      (a!3 (+ (+ (+ (+ 0 1) 1) 1 1) 1)))
(let ((a!2 (store @av0 (+ (+ (+ 0 1) 1) 1 1) a!1)))
  (store a!2 a!3 (select a!2 (+ (select a!2 0) 0))))))
(define-fun @av7 () (Array Int Int)
  (let ((a!1 (+ (+ (+ (+ 0 1) 1) 1) 1))
      (a!2 (- (select @av0 (+ (+ 0 1) 1)) (select @av0 (+ 0 1)))))
(let ((a!3 (select (store @av0 a!1 a!2) (+ (select (store @av0 a!1 a!2) 0) 0)))
      (a!9 (+ (+ (+ (+ a!1 1) 1) 1) 1)))
(let ((a!4 (- (select (store (store @av0 a!1 a!2) (+ a!1 1) a!3) (+ a!1 1))
              (select (store (store @av0 a!1 a!2) (+ a!1 1) a!3) a!1))))
(let ((a!5 (store (store (store @av0 a!1 a!2) (+ a!1 1) a!3)
                  (+ (+ a!1 1) 1)
                  a!4)))
(let ((a!6 (select a!5 (+ (+ (+ 0 1) 1) 1))))
(let ((a!7 (+ (select a!5 (+ (+ a!1 1) 1)) a!6)))
(let ((a!8 (store a!5 (+ (+ (+ a!1 1) 1) 1) a!7)))
(let ((a!10 (store a!8 a!9 (select a!8 (+ (select a!8 0) 1)))))
(let ((a!11 (store a!10 (+ a!9 1) (select a!10 (+ (select a!10 0) 1)))))
  (store a!11 (+ (+ a!9 1) 1) (select a!11 (+ (select a!11 0) 1)))))))))))))
(define-fun @av3 () (Array Int Int)
  (let ((a!1 (- (select @av0 (+ (+ 0 1) 1)) (select @av0 (+ 0 1))))
      (a!3 (+ (+ (+ (+ 0 1) 1) 1 1) 1)))
(let ((a!2 (store @av0 (+ (+ (+ 0 1) 1) 1 1) a!1)))
(let ((a!4 (store a!2 a!3 (select a!2 (+ (select a!2 0) 0)))))
(let ((a!5 (select a!4 (+ (+ (+ 0 1) 1) 1 1))))
  (store a!4 (+ a!3 1) (- (select a!4 a!3) a!5)))))))
(define-fun @av8 () (Array Int Int)
  (let ((a!1 (+ (+ (+ (+ 0 1) 1) 1) 1))
      (a!2 (- (select @av0 (+ (+ 0 1) 1)) (select @av0 (+ 0 1)))))
(let ((a!3 (select (store @av0 a!1 a!2) (+ (select (store @av0 a!1 a!2) 0) 0)))
      (a!9 (+ (+ (+ (+ a!1 1) 1) 1) 1)))
(let ((a!4 (- (select (store (store @av0 a!1 a!2) (+ a!1 1) a!3) (+ a!1 1))
              (select (store (store @av0 a!1 a!2) (+ a!1 1) a!3) a!1))))
(let ((a!5 (store (store (store @av0 a!1 a!2) (+ a!1 1) a!3)
                  (+ (+ a!1 1) 1)
                  a!4)))
(let ((a!6 (select a!5 (+ (+ (+ 0 1) 1) 1))))
(let ((a!7 (+ (select a!5 (+ (+ a!1 1) 1)) a!6)))
(let ((a!8 (store a!5 (+ (+ (+ a!1 1) 1) 1) a!7)))
(let ((a!10 (store a!8 a!9 (select a!8 (+ (select a!8 0) 1)))))
(let ((a!11 (store a!10 (+ a!9 1) (select a!10 (+ (select a!10 0) 1)))))
(let ((a!12 (store a!11 (+ (+ a!9 1) 1) (select a!11 (+ (select a!11 0) 1)))))
  (store a!12 (+ (+ (+ a!9 1) 1) 10) (select a!12 (+ (select a!12 0) 1))))))))))))))
(define-fun @av9 () (Array Int Int)
  (let ((a!1 (+ (+ (+ (+ 0 1) 1) 1) 1))
      (a!2 (- (select @av0 (+ (+ 0 1) 1)) (select @av0 (+ 0 1)))))
(let ((a!3 (select (store @av0 a!1 a!2) (+ (select (store @av0 a!1 a!2) 0) 0)))
      (a!9 (+ (+ (+ (+ a!1 1) 1) 1) 1)))
(let ((a!4 (- (select (store (store @av0 a!1 a!2) (+ a!1 1) a!3) (+ a!1 1))
              (select (store (store @av0 a!1 a!2) (+ a!1 1) a!3) a!1)))
      (a!14 (+ (+ (+ (+ a!9 1) 1) 10) 10)))
(let ((a!5 (store (store (store @av0 a!1 a!2) (+ a!1 1) a!3)
                  (+ (+ a!1 1) 1)
                  a!4)))
(let ((a!6 (select a!5 (+ (+ (+ 0 1) 1) 1))))
(let ((a!7 (+ (select a!5 (+ (+ a!1 1) 1)) a!6)))
(let ((a!8 (store a!5 (+ (+ (+ a!1 1) 1) 1) a!7)))
(let ((a!10 (store a!8 a!9 (select a!8 (+ (select a!8 0) 1)))))
(let ((a!11 (store a!10 (+ a!9 1) (select a!10 (+ (select a!10 0) 1)))))
(let ((a!12 (store a!11 (+ (+ a!9 1) 1) (select a!11 (+ (select a!11 0) 1)))))
(let ((a!13 (store a!12
                   (+ (+ (+ a!9 1) 1) 10)
                   (select a!12 (+ (select a!12 0) 1)))))
(let ((a!15 (select a!13 (+ (+ (+ 0 1) 1) 1))))
  (store a!13 a!14 (+ (select a!13 (+ 0 1)) a!15)))))))))))))))
(define-fun @av0 () (Array Int Int)
  (let ((a!1 (store (store (store ((as const (Array Int Int)) 9) 1 (- 21238))
                         3
                         (- 11797))
                  0
                  6)))
  (store (store a!1 2 (- 35473)) 6 8855)))
(define-fun @av4 () (Array Int Int)
  (let ((a!1 (+ (+ (+ (+ 0 1) 1) 1) 1))
      (a!2 (- (select @av0 (+ (+ 0 1) 1)) (select @av0 (+ 0 1)))))
(let ((a!3 (select (store @av0 a!1 a!2) (+ (select (store @av0 a!1 a!2) 0) 0))))
(let ((a!4 (- (select (store (store @av0 a!1 a!2) (+ a!1 1) a!3) (+ a!1 1))
              (select (store (store @av0 a!1 a!2) (+ a!1 1) a!3) a!1))))
(let ((a!5 (store (store (store @av0 a!1 a!2) (+ a!1 1) a!3)
                  (+ (+ a!1 1) 1)
                  a!4)))
(let ((a!6 (select a!5 (+ (+ (+ 0 1) 1) 1))))
(let ((a!7 (+ (select a!5 (+ (+ a!1 1) 1)) a!6)))
  (store a!5 (+ (+ (+ a!1 1) 1) 1) a!7))))))))
(define-fun @av11 () (Array Int Int)
  (let ((a!1 (+ (+ (+ (+ 0 1) 1) 1) 1))
      (a!2 (- (select @av0 (+ (+ 0 1) 1)) (select @av0 (+ 0 1)))))
(let ((a!3 (select (store @av0 a!1 a!2) (+ (select (store @av0 a!1 a!2) 0) 0)))
      (a!9 (+ (+ (+ (+ a!1 1) 1) 1) 1)))
(let ((a!4 (- (select (store (store @av0 a!1 a!2) (+ a!1 1) a!3) (+ a!1 1))
              (select (store (store @av0 a!1 a!2) (+ a!1 1) a!3) a!1)))
      (a!14 (+ (+ (+ (+ a!9 1) 1) 10) 10)))
(let ((a!5 (store (store (store @av0 a!1 a!2) (+ a!1 1) a!3)
                  (+ (+ a!1 1) 1)
                  a!4)))
(let ((a!6 (select a!5 (+ (+ (+ 0 1) 1) 1))))
(let ((a!7 (+ (select a!5 (+ (+ a!1 1) 1)) a!6)))
(let ((a!8 (store a!5 (+ (+ (+ a!1 1) 1) 1) a!7)))
(let ((a!10 (store a!8 a!9 (select a!8 (+ (select a!8 0) 1)))))
(let ((a!11 (store a!10 (+ a!9 1) (select a!10 (+ (select a!10 0) 1)))))
(let ((a!12 (store a!11 (+ (+ a!9 1) 1) (select a!11 (+ (select a!11 0) 1)))))
(let ((a!13 (store a!12
                   (+ (+ (+ a!9 1) 1) 10)
                   (select a!12 (+ (select a!12 0) 1)))))
(let ((a!15 (select a!13 (+ (+ (+ 0 1) 1) 1))))
(let ((a!16 (store a!13 a!14 (+ (select a!13 (+ 0 1)) a!15))))
(let ((a!17 (store a!16 (+ a!14 1) (select a!16 (+ (select a!16 0) 1)))))
(let ((a!18 (- (select a!17 (+ a!14 1)) (select a!17 (+ (+ 0 1) 1)))))
  (store a!17 (+ (+ a!14 1) 1) a!18)))))))))))))))))
(define-fun @av10 () (Array Int Int)
  (let ((a!1 (+ (+ (+ (+ 0 1) 1) 1) 1))
      (a!2 (- (select @av0 (+ (+ 0 1) 1)) (select @av0 (+ 0 1)))))
(let ((a!3 (select (store @av0 a!1 a!2) (+ (select (store @av0 a!1 a!2) 0) 0)))
      (a!9 (+ (+ (+ (+ a!1 1) 1) 1) 1)))
(let ((a!4 (- (select (store (store @av0 a!1 a!2) (+ a!1 1) a!3) (+ a!1 1))
              (select (store (store @av0 a!1 a!2) (+ a!1 1) a!3) a!1)))
      (a!14 (+ (+ (+ (+ a!9 1) 1) 10) 10)))
(let ((a!5 (store (store (store @av0 a!1 a!2) (+ a!1 1) a!3)
                  (+ (+ a!1 1) 1)
                  a!4)))
(let ((a!6 (select a!5 (+ (+ (+ 0 1) 1) 1))))
(let ((a!7 (+ (select a!5 (+ (+ a!1 1) 1)) a!6)))
(let ((a!8 (store a!5 (+ (+ (+ a!1 1) 1) 1) a!7)))
(let ((a!10 (store a!8 a!9 (select a!8 (+ (select a!8 0) 1)))))
(let ((a!11 (store a!10 (+ a!9 1) (select a!10 (+ (select a!10 0) 1)))))
(let ((a!12 (store a!11 (+ (+ a!9 1) 1) (select a!11 (+ (select a!11 0) 1)))))
(let ((a!13 (store a!12
                   (+ (+ (+ a!9 1) 1) 10)
                   (select a!12 (+ (select a!12 0) 1)))))
(let ((a!15 (select a!13 (+ (+ (+ 0 1) 1) 1))))
(let ((a!16 (store a!13 a!14 (+ (select a!13 (+ 0 1)) a!15))))
  (store a!16 (+ a!14 1) (select a!16 (+ (select a!16 0) 1)))))))))))))))))
(define-fun @av1 () (Array Int Int)
  (let ((a!1 (- (select @av0 (+ (+ 0 1) 1)) (select @av0 (+ 0 1)))))
  (store @av0 (+ (+ (+ 0 1) 1) 1 1) a!1)))
(define-fun @av6 () (Array Int Int)
  (let ((a!1 (+ (+ (+ (+ 0 1) 1) 1) 1))
      (a!2 (- (select @av0 (+ (+ 0 1) 1)) (select @av0 (+ 0 1)))))
(let ((a!3 (select (store @av0 a!1 a!2) (+ (select (store @av0 a!1 a!2) 0) 0)))
      (a!9 (+ (+ (+ (+ a!1 1) 1) 1) 1)))
(let ((a!4 (- (select (store (store @av0 a!1 a!2) (+ a!1 1) a!3) (+ a!1 1))
              (select (store (store @av0 a!1 a!2) (+ a!1 1) a!3) a!1))))
(let ((a!5 (store (store (store @av0 a!1 a!2) (+ a!1 1) a!3)
                  (+ (+ a!1 1) 1)
                  a!4)))
(let ((a!6 (select a!5 (+ (+ (+ 0 1) 1) 1))))
(let ((a!7 (+ (select a!5 (+ (+ a!1 1) 1)) a!6)))
(let ((a!8 (store a!5 (+ (+ (+ a!1 1) 1) 1) a!7)))
(let ((a!10 (store a!8 a!9 (select a!8 (+ (select a!8 0) 1)))))
  (store a!10 (+ a!9 1) (select a!10 (+ (select a!10 0) 1))))))))))))
debug:cpath.cpp:39: :)
