#
# There is insufficient memory for the Java Runtime Environment to continue.
# Native memory allocation (malloc) failed to allocate 1050656 bytes. Error detail: Chunk::new
# Possible reasons:
#   The system is out of physical RAM or swap space
#   This process is running with CompressedOops enabled, and the Java Heap may be blocking the growth of the native heap
# Possible solutions:
#   Reduce memory load on the system
#   Increase physical memory or swap space
#   Check if swap backing store is full
#   Decrease Java heap size (-Xmx/-Xms)
#   Decrease number of Java threads
#   Decrease Java thread stack sizes (-Xss)
#   Set larger code cache with -XX:ReservedCodeCacheSize=
#   JVM is running with Unscaled Compressed Oops mode in which the Java heap is
#     placed in the first 4GB address space. The Java Heap base address is the
#     maximum limit for the native heap growth. Please use -XX:HeapBaseMinAddress
#     to set the Java Heap base and to place the Java Heap above 4GB virtual address.
# This output file may be truncated or incomplete.
#
#  Out of Memory Error (arena.cpp:168), pid=31700, tid=22468
#
# JRE version: OpenJDK Runtime Environment Temurin-21.0.7+6 (21.0.7+6) (build 21.0.7+6-LTS)
# Java VM: OpenJDK 64-Bit Server VM Temurin-21.0.7+6 (21.0.7+6-LTS, mixed mode, sharing, tiered, compressed oops, compressed class ptrs, parallel gc, windows-amd64)
# No core dump will be written. Minidumps are not enabled by default on client versions of Windows
#

---------------  S U M M A R Y ------------

Command Line: --add-modules=ALL-SYSTEM --add-opens=java.base/java.util=ALL-UNNAMED --add-opens=java.base/java.lang=ALL-UNNAMED --add-opens=java.base/sun.nio.fs=ALL-UNNAMED -Declipse.application=org.eclipse.jdt.ls.core.id1 -Dosgi.bundles.defaultStartLevel=4 -Declipse.product=org.eclipse.jdt.ls.core.product -Djava.import.generatesMetadataFilesAtProjectRoot=false -DDetectVMInstallationsJob.disabled=true -Dfile.encoding=utf8 -XX:+UseParallelGC -XX:GCTimeRatio=4 -XX:AdaptiveSizePolicyWeight=90 -Dsun.zip.disableMemoryMapping=true -Xmx1G -Xms100m -Xlog:disable -javaagent:c:\Users\yyzha\.vscode\extensions\redhat.java-1.42.0-win32-x64\lombok\lombok-1.18.36.jar -XX:+HeapDumpOnOutOfMemoryError -XX:HeapDumpPath=c:\Users\yyzha\AppData\Roaming\Code\User\workspaceStorage\d43ecf292fdbe8d118adc96e0c036a6d\redhat.java -Daether.dependencyCollector.impl=bf c:\Users\yyzha\.vscode\extensions\redhat.java-1.42.0-win32-x64\server\plugins\org.eclipse.equinox.launcher_1.7.0.v20250424-1814.jar -configuration c:\Users\yyzha\AppData\Roaming\Code\User\globalStorage\redhat.java\1.42.0\config_win -data c:\Users\yyzha\AppData\Roaming\Code\User\workspaceStorage\d43ecf292fdbe8d118adc96e0c036a6d\redhat.java\jdt_ws --pipe=\\.\pipe\lsp-48b25bc6f62ce3590bfd5d3f58bb7599-sock

Host: 12th Gen Intel(R) Core(TM) i7-12700, 20 cores, 15G,  Windows 11 , 64 bit Build 22621 (10.0.22621.5262)
Time: Sat Jun 28 17:13:30 2025  Windows 11 , 64 bit Build 22621 (10.0.22621.5262) elapsed time: 122.056740 seconds (0d 0h 2m 2s)

---------------  T H R E A D  ---------------

Current thread (0x000001905ca27820):  JavaThread "C2 CompilerThread0" daemon [_thread_in_native, id=22468, stack(0x0000008187700000,0x0000008187800000) (1024K)]


Current CompileTask:
C2:122056 9226   !   4       org.eclipse.jdt.internal.core.search.indexing.BinaryIndexer::indexDocument (1168 bytes)

Stack: [0x0000008187700000,0x0000008187800000]
Native frames: (J=compiled Java code, j=interpreted, Vv=VM code, C=native code)
V  [jvm.dll+0x6ce119]
V  [jvm.dll+0x8a84a1]
V  [jvm.dll+0x8aa9ce]
V  [jvm.dll+0x8ab0b3]
V  [jvm.dll+0x27f8a6]
V  [jvm.dll+0xc507d]
V  [jvm.dll+0xc55b3]
V  [jvm.dll+0x2f2c6d]
V  [jvm.dll+0x5f6bca]
V  [jvm.dll+0x250cb2]
V  [jvm.dll+0x25106f]
V  [jvm.dll+0x249934]
V  [jvm.dll+0x246fc4]
V  [jvm.dll+0x1c760e]
V  [jvm.dll+0x25695a]
V  [jvm.dll+0x254efa]
V  [jvm.dll+0x3f03f6]
V  [jvm.dll+0x851f6b]
V  [jvm.dll+0x6cc7dd]
C  [ucrtbase.dll+0x29333]
C  [KERNEL32.DLL+0x1259d]
C  [ntdll.dll+0x5af58]


---------------  P R O C E S S  ---------------

Threads class SMR info:
_java_thread_list=0x000001906660d600, length=49, elements={
0x000001904713a260, 0x00000190471ee220, 0x000001905b50b100, 0x000001905ca1a760,
0x000001905ca1b590, 0x000001905ca1f260, 0x000001905ca21d40, 0x000001905ca27820,
0x000001905ca292a0, 0x000001905cb29b60, 0x0000019063057070, 0x0000019063b12c30,
0x000001906375e420, 0x000001906330aa70, 0x000001906330b4a0, 0x0000019063113540,
0x00000190638b39b0, 0x0000019063af6ab0, 0x0000019063af5700, 0x0000019063af7140,
0x0000019063af5d90, 0x0000019063af4350, 0x0000019063af6420, 0x0000019063af49e0,
0x0000019064978ed0, 0x0000019064974d30, 0x0000019064975a50, 0x00000190649760e0,
0x0000019064977490, 0x0000019064979560, 0x0000019064979bf0, 0x000001906497a280,
0x00000190649753c0, 0x0000019064978840, 0x0000019064976e00, 0x000001906497b630,
0x000001906497bcc0, 0x0000019064976770, 0x0000019064977b20, 0x000001906497afa0,
0x00000190649781b0, 0x00000190665fa0c0, 0x00000190665f8680, 0x00000190665fdbd0,
0x00000190665f72d0, 0x00000190665fceb0, 0x00000190665f7ff0, 0x00000190665f93a0,
0x00000190665fe260
}

Java Threads: ( => current thread )
  0x000001904713a260 JavaThread "main"                              [_thread_blocked, id=36512, stack(0x0000008186d00000,0x0000008186e00000) (1024K)]
  0x00000190471ee220 JavaThread "Reference Handler"          daemon [_thread_blocked, id=54032, stack(0x0000008187100000,0x0000008187200000) (1024K)]
  0x000001905b50b100 JavaThread "Finalizer"                  daemon [_thread_blocked, id=33932, stack(0x0000008187200000,0x0000008187300000) (1024K)]
  0x000001905ca1a760 JavaThread "Signal Dispatcher"          daemon [_thread_blocked, id=47692, stack(0x0000008187300000,0x0000008187400000) (1024K)]
  0x000001905ca1b590 JavaThread "Attach Listener"            daemon [_thread_blocked, id=50116, stack(0x0000008187400000,0x0000008187500000) (1024K)]
  0x000001905ca1f260 JavaThread "Service Thread"             daemon [_thread_blocked, id=44388, stack(0x0000008187500000,0x0000008187600000) (1024K)]
  0x000001905ca21d40 JavaThread "Monitor Deflation Thread"   daemon [_thread_blocked, id=32624, stack(0x0000008187600000,0x0000008187700000) (1024K)]
=>0x000001905ca27820 JavaThread "C2 CompilerThread0"         daemon [_thread_in_native, id=22468, stack(0x0000008187700000,0x0000008187800000) (1024K)]
  0x000001905ca292a0 JavaThread "C1 CompilerThread0"         daemon [_thread_blocked, id=3304, stack(0x0000008187800000,0x0000008187900000) (1024K)]
  0x000001905cb29b60 JavaThread "Common-Cleaner"             daemon [_thread_blocked, id=54268, stack(0x0000008187a00000,0x0000008187b00000) (1024K)]
  0x0000019063057070 JavaThread "Notification Thread"        daemon [_thread_blocked, id=45020, stack(0x0000008187f00000,0x0000008188000000) (1024K)]
  0x0000019063b12c30 JavaThread "Active Thread: Equinox Container: 10e97c38-b33d-4bad-8624-985bd6e98f7c"        [_thread_blocked, id=41576, stack(0x0000008188700000,0x0000008188800000) (1024K)]
  0x000001906375e420 JavaThread "Refresh Thread: Equinox Container: 10e97c38-b33d-4bad-8624-985bd6e98f7c" daemon [_thread_blocked, id=36412, stack(0x0000008187900000,0x0000008187a00000) (1024K)]
  0x000001906330aa70 JavaThread "Framework Event Dispatcher: Equinox Container: 10e97c38-b33d-4bad-8624-985bd6e98f7c" daemon [_thread_blocked, id=46684, stack(0x0000008187b00000,0x0000008187c00000) (1024K)]
  0x000001906330b4a0 JavaThread "Start Level: Equinox Container: 10e97c38-b33d-4bad-8624-985bd6e98f7c" daemon [_thread_blocked, id=52092, stack(0x0000008187c00000,0x0000008187d00000) (1024K)]
  0x0000019063113540 JavaThread "Bundle File Closer"         daemon [_thread_blocked, id=48928, stack(0x0000008188b00000,0x0000008188c00000) (1024K)]
  0x00000190638b39b0 JavaThread "SCR Component Actor"        daemon [_thread_blocked, id=19968, stack(0x0000008187d00000,0x0000008187e00000) (1024K)]
  0x0000019063af6ab0 JavaThread "Worker-JM"                         [_thread_blocked, id=43740, stack(0x0000008189100000,0x0000008189200000) (1024K)]
  0x0000019063af5700 JavaThread "JNA Cleaner"                daemon [_thread_blocked, id=2720, stack(0x0000008189000000,0x0000008189100000) (1024K)]
  0x0000019063af7140 JavaThread "Worker-0"                          [_thread_blocked, id=34480, stack(0x0000008189500000,0x0000008189600000) (1024K)]
  0x0000019063af5d90 JavaThread "Worker-1: Initialize Workspace"        [_thread_blocked, id=27828, stack(0x0000008189600000,0x0000008189700000) (1024K)]
  0x0000019063af4350 JavaThread "Worker-2"                          [_thread_blocked, id=20588, stack(0x0000008189800000,0x0000008189900000) (1024K)]
  0x0000019063af6420 JavaThread "Java indexing"              daemon [_thread_in_native, id=16500, stack(0x0000008188c00000,0x0000008188d00000) (1024K)]
  0x0000019063af49e0 JavaThread "Worker-3: Java indexing... "        [_thread_blocked, id=30188, stack(0x0000008188f00000,0x0000008189000000) (1024K)]
  0x0000019064978ed0 JavaThread "Thread-2"                   daemon [_thread_in_native, id=50720, stack(0x0000008189900000,0x0000008189a00000) (1024K)]
  0x0000019064974d30 JavaThread "Thread-3"                   daemon [_thread_in_native, id=43480, stack(0x0000008189a00000,0x0000008189b00000) (1024K)]
  0x0000019064975a50 JavaThread "Thread-4"                   daemon [_thread_in_native, id=20208, stack(0x0000008189b00000,0x0000008189c00000) (1024K)]
  0x00000190649760e0 JavaThread "Thread-5"                   daemon [_thread_in_native, id=41424, stack(0x0000008189c00000,0x0000008189d00000) (1024K)]
  0x0000019064977490 JavaThread "Thread-6"                   daemon [_thread_in_native, id=52268, stack(0x0000008189d00000,0x0000008189e00000) (1024K)]
  0x0000019064979560 JavaThread "Thread-7"                   daemon [_thread_in_native, id=10540, stack(0x0000008189e00000,0x0000008189f00000) (1024K)]
  0x0000019064979bf0 JavaThread "Thread-8"                   daemon [_thread_in_native, id=25096, stack(0x0000008189f00000,0x000000818a000000) (1024K)]
  0x000001906497a280 JavaThread "Thread-9"                   daemon [_thread_in_native, id=52132, stack(0x000000818a000000,0x000000818a100000) (1024K)]
  0x00000190649753c0 JavaThread "Thread-10"                  daemon [_thread_in_native, id=31696, stack(0x000000818a100000,0x000000818a200000) (1024K)]
  0x0000019064978840 JavaThread "Thread-11"                  daemon [_thread_in_native, id=51664, stack(0x000000818a200000,0x000000818a300000) (1024K)]
  0x0000019064976e00 JavaThread "Thread-12"                  daemon [_thread_in_native, id=37708, stack(0x000000818a300000,0x000000818a400000) (1024K)]
  0x000001906497b630 JavaThread "Thread-13"                  daemon [_thread_in_native, id=35480, stack(0x000000818a400000,0x000000818a500000) (1024K)]
  0x000001906497bcc0 JavaThread "Thread-14"                  daemon [_thread_in_native, id=41916, stack(0x000000818a500000,0x000000818a600000) (1024K)]
  0x0000019064976770 JavaThread "Thread-15"                  daemon [_thread_in_native, id=53376, stack(0x000000818a600000,0x000000818a700000) (1024K)]
  0x0000019064977b20 JavaThread "Thread-16"                  daemon [_thread_in_native, id=13636, stack(0x000000818a700000,0x000000818a800000) (1024K)]
  0x000001906497afa0 JavaThread "Thread-17"                  daemon [_thread_in_native, id=7536, stack(0x000000818a800000,0x000000818a900000) (1024K)]
  0x00000190649781b0 JavaThread "Thread-18"                  daemon [_thread_in_native, id=49040, stack(0x000000818a900000,0x000000818aa00000) (1024K)]
  0x00000190665fa0c0 JavaThread "Thread-19"                  daemon [_thread_in_native, id=48428, stack(0x000000818aa00000,0x000000818ab00000) (1024K)]
  0x00000190665f8680 JavaThread "Thread-20"                  daemon [_thread_in_native, id=34708, stack(0x000000818ab00000,0x000000818ac00000) (1024K)]
  0x00000190665fdbd0 JavaThread "Thread-21"                  daemon [_thread_in_native, id=31292, stack(0x000000818ac00000,0x000000818ad00000) (1024K)]
  0x00000190665f72d0 JavaThread "Thread-22"                  daemon [_thread_in_native, id=27584, stack(0x000000818ad00000,0x000000818ae00000) (1024K)]
  0x00000190665fceb0 JavaThread "pool-2-thread-1"                   [_thread_blocked, id=23712, stack(0x000000818ae00000,0x000000818af00000) (1024K)]
  0x00000190665f7ff0 JavaThread "WorkspaceEventsHandler"            [_thread_blocked, id=38336, stack(0x000000818af00000,0x000000818b000000) (1024K)]
  0x00000190665f93a0 JavaThread "pool-1-thread-1"                   [_thread_blocked, id=19348, stack(0x000000818b000000,0x000000818b100000) (1024K)]
  0x00000190665fe260 JavaThread "pool-3-thread-1"                   [_thread_blocked, id=31548, stack(0x0000008188e00000,0x0000008188f00000) (1024K)]
Total: 49

Other Threads:
  0x000001905b504030 VMThread "VM Thread"                           [id=31480, stack(0x0000008187000000,0x0000008187100000) (1024K)]
  0x000001905b3fba00 WatcherThread "VM Periodic Task Thread"        [id=26300, stack(0x0000008186f00000,0x0000008187000000) (1024K)]
  0x00000190471595f0 WorkerThread "GC Thread#0"                     [id=41220, stack(0x0000008186e00000,0x0000008186f00000) (1024K)]
  0x0000019063940ba0 WorkerThread "GC Thread#1"                     [id=44808, stack(0x0000008188000000,0x0000008188100000) (1024K)]
  0x000001906385ddd0 WorkerThread "GC Thread#2"                     [id=42052, stack(0x0000008188100000,0x0000008188200000) (1024K)]
  0x000001906385e170 WorkerThread "GC Thread#3"                     [id=9748, stack(0x0000008188200000,0x0000008188300000) (1024K)]
  0x00000190631353d0 WorkerThread "GC Thread#4"                     [id=44644, stack(0x0000008188300000,0x0000008188400000) (1024K)]
  0x0000019063135770 WorkerThread "GC Thread#5"                     [id=53744, stack(0x0000008188400000,0x0000008188500000) (1024K)]
  0x00000190638e5490 WorkerThread "GC Thread#6"                     [id=16788, stack(0x0000008188500000,0x0000008188600000) (1024K)]
  0x00000190636048c0 WorkerThread "GC Thread#7"                     [id=33924, stack(0x0000008188800000,0x0000008188900000) (1024K)]
  0x00000190635ea330 WorkerThread "GC Thread#8"                     [id=23684, stack(0x0000008187e00000,0x0000008187f00000) (1024K)]
  0x00000190635eb1b0 WorkerThread "GC Thread#9"                     [id=40272, stack(0x0000008188600000,0x0000008188700000) (1024K)]
  0x00000190635eaa70 WorkerThread "GC Thread#10"                    [id=32364, stack(0x0000008188900000,0x0000008188a00000) (1024K)]
  0x00000190635e9f90 WorkerThread "GC Thread#11"                    [id=28644, stack(0x0000008188d00000,0x0000008188e00000) (1024K)]
  0x00000190635e9bf0 WorkerThread "GC Thread#12"                    [id=15492, stack(0x0000008189200000,0x0000008189300000) (1024K)]
  0x00000190634fb420 WorkerThread "GC Thread#13"                    [id=32232, stack(0x0000008189300000,0x0000008189400000) (1024K)]
  0x00000190634fbf00 WorkerThread "GC Thread#14"                    [id=44480, stack(0x0000008189400000,0x0000008189500000) (1024K)]
Total: 17

Threads with active compile tasks:
C2 CompilerThread0  122080 9226   !   4       org.eclipse.jdt.internal.core.search.indexing.BinaryIndexer::indexDocument (1168 bytes)
Total: 1

VM state: not at safepoint (normal execution)

VM Mutex/Monitor currently owned by a thread: None

Heap address: 0x00000000c0000000, size: 1024 MB, Compressed Oops mode: 32-bit

CDS archive(s) mapped at: [0x0000019000000000-0x0000019000ba0000-0x0000019000ba0000), size 12189696, SharedBaseAddress: 0x0000019000000000, ArchiveRelocationMode: 1.
Compressed class space mapped at: 0x0000019001000000-0x0000019041000000, reserved size: 1073741824
Narrow klass base: 0x0000019000000000, Narrow klass shift: 0, Narrow klass range: 0x100000000

GC Precious Log:
 CardTable entry size: 512
 CPUs: 20 total, 20 available
 Memory: 16072M
 Large Page Support: Disabled
 NUMA Support: Disabled
 Compressed Oops: Enabled (32-bit)
 Alignments: Space 512K, Generation 512K, Heap 2M
 Heap Min Capacity: 100M
 Heap Initial Capacity: 100M
 Heap Max Capacity: 1G
 Pre-touch: Disabled
 Parallel Workers: 15

Heap:
 PSYoungGen      total 5632K, used 5202K [0x00000000eab00000, 0x00000000eb180000, 0x0000000100000000)
  eden space 4608K, 99% used [0x00000000eab00000,0x00000000eaf74a38,0x00000000eaf80000)
  from space 1024K, 62% used [0x00000000eaf80000,0x00000000eb020000,0x00000000eb080000)
  to   space 1024K, 0% used [0x00000000eb080000,0x00000000eb080000,0x00000000eb180000)
 ParOldGen       total 497152K, used 497053K [0x00000000c0000000, 0x00000000de580000, 0x00000000eab00000)
  object space 497152K, 99% used [0x00000000c0000000,0x00000000de5675f0,0x00000000de580000)
 Metaspace       used 54745K, committed 56064K, reserved 1114112K
  class space    used 5779K, committed 6336K, reserved 1048576K

Card table byte_map: [0x0000019046ad0000,0x0000019046ce0000] _byte_map_base: 0x00000190464d0000

Marking Bits: (ParMarkBitMap*) 0x00007ffe602e31f0
 Begin Bits: [0x0000019059320000, 0x000001905a320000)
 End Bits:   [0x000001905a320000, 0x000001905b320000)

Polling page: 0x00000190450d0000

Metaspace:

Usage:
  Non-class:     47.82 MB used.
      Class:      5.64 MB used.
       Both:     53.46 MB used.

Virtual space:
  Non-class space:       64.00 MB reserved,      48.56 MB ( 76%) committed,  1 nodes.
      Class space:        1.00 GB reserved,       6.19 MB ( <1%) committed,  1 nodes.
             Both:        1.06 GB reserved,      54.75 MB (  5%) committed. 

Chunk freelists:
   Non-Class:  15.36 MB
       Class:  9.83 MB
        Both:  25.19 MB

MaxMetaspaceSize: unlimited
CompressedClassSpaceSize: 1.00 GB
Initial GC threshold: 21.00 MB
Current GC threshold: 58.38 MB
CDS: on
 - commit_granule_bytes: 65536.
 - commit_granule_words: 8192.
 - virtual_space_node_default_size: 8388608.
 - enlarge_chunks_in_place: 1.
 - use_allocation_guard: 0.


Internal statistics:

num_allocs_failed_limit: 6.
num_arena_births: 890.
num_arena_deaths: 24.
num_vsnodes_births: 2.
num_vsnodes_deaths: 0.
num_space_committed: 876.
num_space_uncommitted: 0.
num_chunks_returned_to_freelist: 34.
num_chunks_taken_from_freelist: 3045.
num_chunk_merges: 10.
num_chunk_splits: 1974.
num_chunks_enlarged: 1267.
num_inconsistent_stats: 0.

CodeHeap 'non-profiled nmethods': size=119168Kb used=7939Kb max_used=7939Kb free=111228Kb
 bounds [0x0000019051ec0000, 0x0000019052690000, 0x0000019059320000]
CodeHeap 'profiled nmethods': size=119104Kb used=18488Kb max_used=18488Kb free=100615Kb
 bounds [0x000001904a320000, 0x000001904b530000, 0x0000019051770000]
CodeHeap 'non-nmethods': size=7488Kb used=1429Kb max_used=3096Kb free=6058Kb
 bounds [0x0000019051770000, 0x0000019051ae0000, 0x0000019051ec0000]
 total_blobs=9333 nmethods=8597 adapters=642
 compilation: enabled
              stopped_count=0, restarted_count=0
 full_count=0

Compilation events (20 events):
Event: 120.751 Thread 0x000001905ca27820 nmethod 9214 0x000001905267b610 code [0x000001905267b820, 0x000001905267c168]
Event: 120.836 Thread 0x000001905ca292a0 9217       1       org.eclipse.jdt.internal.core.index.FileIndexLocation::getIndexFile (5 bytes)
Event: 120.836 Thread 0x000001905ca292a0 nmethod 9217 0x000001905267c790 code [0x000001905267c920, 0x000001905267c9e8]
Event: 120.875 Thread 0x000001905ca292a0 9218       3       org.eclipse.core.internal.jobs.JobManager::startJob (89 bytes)
Event: 120.876 Thread 0x000001905ca292a0 nmethod 9218 0x000001904b524890 code [0x000001904b524b40, 0x000001904b5259a0]
Event: 120.876 Thread 0x000001905ca292a0 9219   !   3       org.eclipse.core.internal.jobs.JobManager::nextJob (291 bytes)
Event: 120.878 Thread 0x000001905ca292a0 nmethod 9219 0x000001904b525e10 code [0x000001904b5262a0, 0x000001904b5283c8]
Event: 120.878 Thread 0x000001905ca292a0 9220   !   3       org.eclipse.core.internal.jobs.JobManager::sleepHint (67 bytes)
Event: 120.878 Thread 0x000001905ca292a0 nmethod 9220 0x000001904b529510 code [0x000001904b529780, 0x000001904b52a250]
Event: 120.878 Thread 0x000001905ca292a0 9221       3       org.eclipse.core.internal.jobs.JobQueue::isEmpty (18 bytes)
Event: 120.879 Thread 0x000001905ca292a0 nmethod 9221 0x000001904b52a710 code [0x000001904b52a8c0, 0x000001904b52aa50]
Event: 121.842 Thread 0x000001905ca292a0 9222       3       java.lang.ThreadLocal::<init> (12 bytes)
Event: 121.843 Thread 0x000001905ca292a0 nmethod 9222 0x000001904b52ab10 code [0x000001904b52acc0, 0x000001904b52aed8]
Event: 121.843 Thread 0x000001905ca292a0 9223       3       java.lang.ThreadLocal::nextHashCode (9 bytes)
Event: 121.843 Thread 0x000001905ca292a0 nmethod 9223 0x000001904b52b010 code [0x000001904b52b1c0, 0x000001904b52b2f0]
Event: 121.856 Thread 0x000001905ca27820 9224       4       org.eclipse.jdt.internal.compiler.classfmt.AnnotationInfo::decodeDefaultValue (871 bytes)
Event: 121.867 Thread 0x000001905ca292a0 9225       3       org.eclipse.jdt.internal.compiler.classfmt.FieldInfo::createField (450 bytes)
Event: 121.868 Thread 0x000001905ca292a0 nmethod 9225 0x000001904b52b390 code [0x000001904b52b740, 0x000001904b52d6a8]
Event: 121.919 Thread 0x000001905ca27820 nmethod 9224 0x000001905267ca90 code [0x000001905267cee0, 0x000001905267f818]
Event: 121.919 Thread 0x000001905ca27820 9226   !   4       org.eclipse.jdt.internal.core.search.indexing.BinaryIndexer::indexDocument (1168 bytes)

GC Heap History (20 events):
Event: 120.602 GC heap before
{Heap before GC invocations=678 (full 2):
 PSYoungGen      total 3584K, used 3488K [0x00000000eab00000, 0x00000000eb000000, 0x0000000100000000)
  eden space 3072K, 100% used [0x00000000eab00000,0x00000000eae00000,0x00000000eae00000)
  from space 512K, 81% used [0x00000000eae00000,0x00000000eae68000,0x00000000eae80000)
  to   space 512K, 0% used [0x00000000eaf80000,0x00000000eaf80000,0x00000000eb000000)
 ParOldGen       total 493056K, used 493048K [0x00000000c0000000, 0x00000000de180000, 0x00000000eab00000)
  object space 493056K, 99% used [0x00000000c0000000,0x00000000de17e318,0x00000000de180000)
 Metaspace       used 54733K, committed 56000K, reserved 1114112K
  class space    used 5779K, committed 6336K, reserved 1048576K
}
Event: 120.604 GC heap after
{Heap after GC invocations=678 (full 2):
 PSYoungGen      total 4608K, used 416K [0x00000000eab00000, 0x00000000eb000000, 0x0000000100000000)
  eden space 4096K, 0% used [0x00000000eab00000,0x00000000eab00000,0x00000000eaf00000)
  from space 512K, 81% used [0x00000000eaf80000,0x00000000eafe8000,0x00000000eb000000)
  to   space 512K, 0% used [0x00000000eaf00000,0x00000000eaf00000,0x00000000eaf80000)
 ParOldGen       total 493568K, used 493352K [0x00000000c0000000, 0x00000000de200000, 0x00000000eab00000)
  object space 493568K, 99% used [0x00000000c0000000,0x00000000de1ca318,0x00000000de200000)
 Metaspace       used 54733K, committed 56000K, reserved 1114112K
  class space    used 5779K, committed 6336K, reserved 1048576K
}
Event: 120.613 GC heap before
{Heap before GC invocations=679 (full 2):
 PSYoungGen      total 4608K, used 4512K [0x00000000eab00000, 0x00000000eb000000, 0x0000000100000000)
  eden space 4096K, 100% used [0x00000000eab00000,0x00000000eaf00000,0x00000000eaf00000)
  from space 512K, 81% used [0x00000000eaf80000,0x00000000eafe8000,0x00000000eb000000)
  to   space 512K, 0% used [0x00000000eaf00000,0x00000000eaf00000,0x00000000eaf80000)
 ParOldGen       total 493568K, used 493352K [0x00000000c0000000, 0x00000000de200000, 0x00000000eab00000)
  object space 493568K, 99% used [0x00000000c0000000,0x00000000de1ca318,0x00000000de200000)
 Metaspace       used 54733K, committed 56000K, reserved 1114112K
  class space    used 5779K, committed 6336K, reserved 1048576K
}
Event: 120.615 GC heap after
{Heap after GC invocations=679 (full 2):
 PSYoungGen      total 4608K, used 448K [0x00000000eab00000, 0x00000000eb100000, 0x0000000100000000)
  eden space 4096K, 0% used [0x00000000eab00000,0x00000000eab00000,0x00000000eaf00000)
  from space 512K, 87% used [0x00000000eaf00000,0x00000000eaf70000,0x00000000eaf80000)
  to   space 512K, 0% used [0x00000000eb080000,0x00000000eb080000,0x00000000eb100000)
 ParOldGen       total 494080K, used 493614K [0x00000000c0000000, 0x00000000de280000, 0x00000000eab00000)
  object space 494080K, 99% used [0x00000000c0000000,0x00000000de20b928,0x00000000de280000)
 Metaspace       used 54733K, committed 56000K, reserved 1114112K
  class space    used 5779K, committed 6336K, reserved 1048576K
}
Event: 120.625 GC heap before
{Heap before GC invocations=680 (full 2):
 PSYoungGen      total 4608K, used 4544K [0x00000000eab00000, 0x00000000eb100000, 0x0000000100000000)
  eden space 4096K, 100% used [0x00000000eab00000,0x00000000eaf00000,0x00000000eaf00000)
  from space 512K, 87% used [0x00000000eaf00000,0x00000000eaf70000,0x00000000eaf80000)
  to   space 512K, 0% used [0x00000000eb080000,0x00000000eb080000,0x00000000eb100000)
 ParOldGen       total 494080K, used 493614K [0x00000000c0000000, 0x00000000de280000, 0x00000000eab00000)
  object space 494080K, 99% used [0x00000000c0000000,0x00000000de20b928,0x00000000de280000)
 Metaspace       used 54733K, committed 56000K, reserved 1114112K
  class space    used 5779K, committed 6336K, reserved 1048576K
}
Event: 120.627 GC heap after
{Heap after GC invocations=680 (full 2):
 PSYoungGen      total 5120K, used 492K [0x00000000eab00000, 0x00000000eb200000, 0x0000000100000000)
  eden space 4608K, 0% used [0x00000000eab00000,0x00000000eab00000,0x00000000eaf80000)
  from space 512K, 96% used [0x00000000eb080000,0x00000000eb0fb008,0x00000000eb100000)
  to   space 1024K, 0% used [0x00000000eaf80000,0x00000000eaf80000,0x00000000eb080000)
 ParOldGen       total 494080K, used 494022K [0x00000000c0000000, 0x00000000de280000, 0x00000000eab00000)
  object space 494080K, 99% used [0x00000000c0000000,0x00000000de271928,0x00000000de280000)
 Metaspace       used 54733K, committed 56000K, reserved 1114112K
  class space    used 5779K, committed 6336K, reserved 1048576K
}
Event: 120.637 GC heap before
{Heap before GC invocations=681 (full 2):
 PSYoungGen      total 5120K, used 5100K [0x00000000eab00000, 0x00000000eb200000, 0x0000000100000000)
  eden space 4608K, 100% used [0x00000000eab00000,0x00000000eaf80000,0x00000000eaf80000)
  from space 512K, 96% used [0x00000000eb080000,0x00000000eb0fb008,0x00000000eb100000)
  to   space 1024K, 0% used [0x00000000eaf80000,0x00000000eaf80000,0x00000000eb080000)
 ParOldGen       total 494080K, used 494022K [0x00000000c0000000, 0x00000000de280000, 0x00000000eab00000)
  object space 494080K, 99% used [0x00000000c0000000,0x00000000de271928,0x00000000de280000)
 Metaspace       used 54733K, committed 56000K, reserved 1114112K
  class space    used 5779K, committed 6336K, reserved 1048576K
}
Event: 120.639 GC heap after
{Heap after GC invocations=681 (full 2):
 PSYoungGen      total 5632K, used 598K [0x00000000eab00000, 0x00000000eb180000, 0x0000000100000000)
  eden space 4608K, 0% used [0x00000000eab00000,0x00000000eab00000,0x00000000eaf80000)
  from space 1024K, 58% used [0x00000000eaf80000,0x00000000eb015930,0x00000000eb080000)
  to   space 1024K, 0% used [0x00000000eb080000,0x00000000eb080000,0x00000000eb180000)
 ParOldGen       total 494592K, used 494482K [0x00000000c0000000, 0x00000000de300000, 0x00000000eab00000)
  object space 494592K, 99% used [0x00000000c0000000,0x00000000de2e4930,0x00000000de300000)
 Metaspace       used 54733K, committed 56000K, reserved 1114112K
  class space    used 5779K, committed 6336K, reserved 1048576K
}
Event: 120.649 GC heap before
{Heap before GC invocations=682 (full 2):
 PSYoungGen      total 5632K, used 5206K [0x00000000eab00000, 0x00000000eb180000, 0x0000000100000000)
  eden space 4608K, 100% used [0x00000000eab00000,0x00000000eaf80000,0x00000000eaf80000)
  from space 1024K, 58% used [0x00000000eaf80000,0x00000000eb015930,0x00000000eb080000)
  to   space 1024K, 0% used [0x00000000eb080000,0x00000000eb080000,0x00000000eb180000)
 ParOldGen       total 494592K, used 494482K [0x00000000c0000000, 0x00000000de300000, 0x00000000eab00000)
  object space 494592K, 99% used [0x00000000c0000000,0x00000000de2e4930,0x00000000de300000)
 Metaspace       used 54733K, committed 56000K, reserved 1114112K
  class space    used 5779K, committed 6336K, reserved 1048576K
}
Event: 120.651 GC heap after
{Heap after GC invocations=682 (full 2):
 PSYoungGen      total 5632K, used 544K [0x00000000eab00000, 0x00000000eb180000, 0x0000000100000000)
  eden space 4608K, 0% used [0x00000000eab00000,0x00000000eab00000,0x00000000eaf80000)
  from space 1024K, 53% used [0x00000000eb080000,0x00000000eb108000,0x00000000eb180000)
  to   space 1024K, 0% used [0x00000000eaf80000,0x00000000eaf80000,0x00000000eb080000)
 ParOldGen       total 495104K, used 494970K [0x00000000c0000000, 0x00000000de380000, 0x00000000eab00000)
  object space 495104K, 99% used [0x00000000c0000000,0x00000000de35e930,0x00000000de380000)
 Metaspace       used 54733K, committed 56000K, reserved 1114112K
  class space    used 5779K, committed 6336K, reserved 1048576K
}
Event: 120.854 GC heap before
{Heap before GC invocations=683 (full 2):
 PSYoungGen      total 5632K, used 5152K [0x00000000eab00000, 0x00000000eb180000, 0x0000000100000000)
  eden space 4608K, 100% used [0x00000000eab00000,0x00000000eaf80000,0x00000000eaf80000)
  from space 1024K, 53% used [0x00000000eb080000,0x00000000eb108000,0x00000000eb180000)
  to   space 1024K, 0% used [0x00000000eaf80000,0x00000000eaf80000,0x00000000eb080000)
 ParOldGen       total 495104K, used 494970K [0x00000000c0000000, 0x00000000de380000, 0x00000000eab00000)
  object space 495104K, 99% used [0x00000000c0000000,0x00000000de35e930,0x00000000de380000)
 Metaspace       used 54733K, committed 56000K, reserved 1114112K
  class space    used 5779K, committed 6336K, reserved 1048576K
}
Event: 120.855 GC heap after
{Heap after GC invocations=683 (full 2):
 PSYoungGen      total 5632K, used 544K [0x00000000eab00000, 0x00000000eb180000, 0x0000000100000000)
  eden space 4608K, 0% used [0x00000000eab00000,0x00000000eab00000,0x00000000eaf80000)
  from space 1024K, 53% used [0x00000000eaf80000,0x00000000eb008000,0x00000000eb080000)
  to   space 1024K, 0% used [0x00000000eb080000,0x00000000eb080000,0x00000000eb180000)
 ParOldGen       total 495616K, used 495450K [0x00000000c0000000, 0x00000000de400000, 0x00000000eab00000)
  object space 495616K, 99% used [0x00000000c0000000,0x00000000de3d6930,0x00000000de400000)
 Metaspace       used 54733K, committed 56000K, reserved 1114112K
  class space    used 5779K, committed 6336K, reserved 1048576K
}
Event: 121.627 GC heap before
{Heap before GC invocations=684 (full 2):
 PSYoungGen      total 5632K, used 5152K [0x00000000eab00000, 0x00000000eb180000, 0x0000000100000000)
  eden space 4608K, 100% used [0x00000000eab00000,0x00000000eaf80000,0x00000000eaf80000)
  from space 1024K, 53% used [0x00000000eaf80000,0x00000000eb008000,0x00000000eb080000)
  to   space 1024K, 0% used [0x00000000eb080000,0x00000000eb080000,0x00000000eb180000)
 ParOldGen       total 495616K, used 495450K [0x00000000c0000000, 0x00000000de400000, 0x00000000eab00000)
  object space 495616K, 99% used [0x00000000c0000000,0x00000000de3d6930,0x00000000de400000)
 Metaspace       used 54744K, committed 56064K, reserved 1114112K
  class space    used 5779K, committed 6336K, reserved 1048576K
}
Event: 121.629 GC heap after
{Heap after GC invocations=684 (full 2):
 PSYoungGen      total 5632K, used 544K [0x00000000eab00000, 0x00000000eb180000, 0x0000000100000000)
  eden space 4608K, 0% used [0x00000000eab00000,0x00000000eab00000,0x00000000eaf80000)
  from space 1024K, 53% used [0x00000000eb080000,0x00000000eb108000,0x00000000eb180000)
  to   space 1024K, 0% used [0x00000000eaf80000,0x00000000eaf80000,0x00000000eb080000)
 ParOldGen       total 495616K, used 495554K [0x00000000c0000000, 0x00000000de400000, 0x00000000eab00000)
  object space 495616K, 99% used [0x00000000c0000000,0x00000000de3f0930,0x00000000de400000)
 Metaspace       used 54744K, committed 56064K, reserved 1114112K
  class space    used 5779K, committed 6336K, reserved 1048576K
}
Event: 121.640 GC heap before
{Heap before GC invocations=685 (full 2):
 PSYoungGen      total 5632K, used 5152K [0x00000000eab00000, 0x00000000eb180000, 0x0000000100000000)
  eden space 4608K, 100% used [0x00000000eab00000,0x00000000eaf80000,0x00000000eaf80000)
  from space 1024K, 53% used [0x00000000eb080000,0x00000000eb108000,0x00000000eb180000)
  to   space 1024K, 0% used [0x00000000eaf80000,0x00000000eaf80000,0x00000000eb080000)
 ParOldGen       total 495616K, used 495554K [0x00000000c0000000, 0x00000000de400000, 0x00000000eab00000)
  object space 495616K, 99% used [0x00000000c0000000,0x00000000de3f0930,0x00000000de400000)
 Metaspace       used 54744K, committed 56064K, reserved 1114112K
  class space    used 5779K, committed 6336K, reserved 1048576K
}
Event: 121.642 GC heap after
{Heap after GC invocations=685 (full 2):
 PSYoungGen      total 5632K, used 731K [0x00000000eab00000, 0x00000000eb180000, 0x0000000100000000)
  eden space 4608K, 0% used [0x00000000eab00000,0x00000000eab00000,0x00000000eaf80000)
  from space 1024K, 71% used [0x00000000eaf80000,0x00000000eb036c08,0x00000000eb080000)
  to   space 1024K, 0% used [0x00000000eb080000,0x00000000eb080000,0x00000000eb180000)
 ParOldGen       total 496128K, used 495896K [0x00000000c0000000, 0x00000000de480000, 0x00000000eab00000)
  object space 496128K, 99% used [0x00000000c0000000,0x00000000de446188,0x00000000de480000)
 Metaspace       used 54744K, committed 56064K, reserved 1114112K
  class space    used 5779K, committed 6336K, reserved 1048576K
}
Event: 121.860 GC heap before
{Heap before GC invocations=686 (full 2):
 PSYoungGen      total 5632K, used 5332K [0x00000000eab00000, 0x00000000eb180000, 0x0000000100000000)
  eden space 4608K, 99% used [0x00000000eab00000,0x00000000eaf7e550,0x00000000eaf80000)
  from space 1024K, 71% used [0x00000000eaf80000,0x00000000eb036c08,0x00000000eb080000)
  to   space 1024K, 0% used [0x00000000eb080000,0x00000000eb080000,0x00000000eb180000)
 ParOldGen       total 496128K, used 495896K [0x00000000c0000000, 0x00000000de480000, 0x00000000eab00000)
  object space 496128K, 99% used [0x00000000c0000000,0x00000000de446188,0x00000000de480000)
 Metaspace       used 54745K, committed 56064K, reserved 1114112K
  class space    used 5779K, committed 6336K, reserved 1048576K
}
Event: 121.862 GC heap after
{Heap after GC invocations=686 (full 2):
 PSYoungGen      total 5632K, used 866K [0x00000000eab00000, 0x00000000eb180000, 0x0000000100000000)
  eden space 4608K, 0% used [0x00000000eab00000,0x00000000eab00000,0x00000000eaf80000)
  from space 1024K, 84% used [0x00000000eb080000,0x00000000eb158be8,0x00000000eb180000)
  to   space 1024K, 0% used [0x00000000eaf80000,0x00000000eaf80000,0x00000000eb080000)
 ParOldGen       total 496640K, used 496379K [0x00000000c0000000, 0x00000000de500000, 0x00000000eab00000)
  object space 496640K, 99% used [0x00000000c0000000,0x00000000de4bed90,0x00000000de500000)
 Metaspace       used 54745K, committed 56064K, reserved 1114112K
  class space    used 5779K, committed 6336K, reserved 1048576K
}
Event: 121.873 GC heap before
{Heap before GC invocations=687 (full 2):
 PSYoungGen      total 5632K, used 5474K [0x00000000eab00000, 0x00000000eb180000, 0x0000000100000000)
  eden space 4608K, 100% used [0x00000000eab00000,0x00000000eaf80000,0x00000000eaf80000)
  from space 1024K, 84% used [0x00000000eb080000,0x00000000eb158be8,0x00000000eb180000)
  to   space 1024K, 0% used [0x00000000eaf80000,0x00000000eaf80000,0x00000000eb080000)
 ParOldGen       total 496640K, used 496379K [0x00000000c0000000, 0x00000000de500000, 0x00000000eab00000)
  object space 496640K, 99% used [0x00000000c0000000,0x00000000de4bed90,0x00000000de500000)
 Metaspace       used 54745K, committed 56064K, reserved 1114112K
  class space    used 5779K, committed 6336K, reserved 1048576K
}
Event: 121.875 GC heap after
{Heap after GC invocations=687 (full 2):
 PSYoungGen      total 5632K, used 640K [0x00000000eab00000, 0x00000000eb180000, 0x0000000100000000)
  eden space 4608K, 0% used [0x00000000eab00000,0x00000000eab00000,0x00000000eaf80000)
  from space 1024K, 62% used [0x00000000eaf80000,0x00000000eb020000,0x00000000eb080000)
  to   space 1024K, 0% used [0x00000000eb080000,0x00000000eb080000,0x00000000eb180000)
 ParOldGen       total 497152K, used 497053K [0x00000000c0000000, 0x00000000de580000, 0x00000000eab00000)
  object space 497152K, 99% used [0x00000000c0000000,0x00000000de5675f0,0x00000000de580000)
 Metaspace       used 54745K, committed 56064K, reserved 1114112K
  class space    used 5779K, committed 6336K, reserved 1048576K
}

Dll operation events (12 events):
Event: 0.005 Loaded shared library c:\Users\yyzha\.vscode\extensions\redhat.java-1.42.0-win32-x64\jre\21.0.7-win32-x86_64\bin\java.dll
Event: 0.022 Loaded shared library c:\Users\yyzha\.vscode\extensions\redhat.java-1.42.0-win32-x64\jre\21.0.7-win32-x86_64\bin\zip.dll
Event: 0.055 Loaded shared library C:\Users\yyzha\.vscode\extensions\redhat.java-1.42.0-win32-x64\jre\21.0.7-win32-x86_64\bin\instrument.dll
Event: 0.058 Loaded shared library C:\Users\yyzha\.vscode\extensions\redhat.java-1.42.0-win32-x64\jre\21.0.7-win32-x86_64\bin\net.dll
Event: 0.061 Loaded shared library C:\Users\yyzha\.vscode\extensions\redhat.java-1.42.0-win32-x64\jre\21.0.7-win32-x86_64\bin\nio.dll
Event: 0.063 Loaded shared library C:\Users\yyzha\.vscode\extensions\redhat.java-1.42.0-win32-x64\jre\21.0.7-win32-x86_64\bin\zip.dll
Event: 0.072 Loaded shared library C:\Users\yyzha\.vscode\extensions\redhat.java-1.42.0-win32-x64\jre\21.0.7-win32-x86_64\bin\jimage.dll
Event: 0.108 Loaded shared library c:\Users\yyzha\.vscode\extensions\redhat.java-1.42.0-win32-x64\jre\21.0.7-win32-x86_64\bin\verify.dll
Event: 3.945 Loaded shared library C:\Users\yyzha\AppData\Roaming\Code\User\globalStorage\redhat.java\1.42.0\config_win\org.eclipse.equinox.launcher\org.eclipse.equinox.launcher.win32.win32.x86_64_1.2.1300.v20250331-1702\eclipse_11911.dll
Event: 12.368 Loaded shared library C:\Users\yyzha\AppData\Local\Temp\jna-115471315\jna17698050083272282222.dll
Event: 35.216 Loaded shared library C:\Users\yyzha\.vscode\extensions\redhat.java-1.42.0-win32-x64\jre\21.0.7-win32-x86_64\bin\sunmscapi.dll
Event: 35.309 Loaded shared library C:\Users\yyzha\.vscode\extensions\redhat.java-1.42.0-win32-x64\jre\21.0.7-win32-x86_64\bin\extnet.dll

Deoptimization events (20 events):
Event: 120.098 Thread 0x0000019063af6420 DEOPT PACKING pc=0x000001905260acdc sp=0x0000008188cfeea0
Event: 120.098 Thread 0x0000019063af6420 DEOPT UNPACKING pc=0x00000190517c3aa2 sp=0x0000008188cfee00 mode 2
Event: 120.109 Thread 0x0000019063af6420 Uncommon trap: trap_request=0xffffffc6 fr.pc=0x000001905260acdc relative=0x0000000000005f9c
Event: 120.109 Thread 0x0000019063af6420 Uncommon trap: reason=bimorphic_or_optimized_type_check action=maybe_recompile pc=0x000001905260acdc method=org.eclipse.jdt.internal.core.search.indexing.BinaryIndexer.indexDocument()V @ 995 c2
Event: 120.110 Thread 0x0000019063af6420 DEOPT PACKING pc=0x000001905260acdc sp=0x0000008188cfeea0
Event: 120.110 Thread 0x0000019063af6420 DEOPT UNPACKING pc=0x00000190517c3aa2 sp=0x0000008188cfee00 mode 2
Event: 120.228 Thread 0x0000019063af4350 DEOPT PACKING pc=0x000001904b0d75fe sp=0x00000081898fe9d0
Event: 120.228 Thread 0x0000019063af4350 DEOPT UNPACKING pc=0x00000190517c4242 sp=0x00000081898fde68 mode 0
Event: 121.857 Thread 0x0000019063af6420 Uncommon trap: trap_request=0xffffff45 fr.pc=0x00000190526756a0 relative=0x0000000000001520
Event: 121.857 Thread 0x0000019063af6420 Uncommon trap: reason=unstable_if action=reinterpret pc=0x00000190526756a0 method=org.eclipse.jdt.internal.compiler.classfmt.FieldInfo.createField([B[IIJ)Lorg/eclipse/jdt/internal/compiler/classfmt/FieldInfo; @ 259 c2
Event: 121.857 Thread 0x0000019063af6420 DEOPT PACKING pc=0x00000190526756a0 sp=0x0000008188cfed10
Event: 121.857 Thread 0x0000019063af6420 DEOPT UNPACKING pc=0x00000190517c3aa2 sp=0x0000008188cfec98 mode 2
Event: 121.859 Thread 0x0000019063af6420 Uncommon trap: trap_request=0xffffffc6 fr.pc=0x000001905260acdc relative=0x0000000000005f9c
Event: 121.859 Thread 0x0000019063af6420 Uncommon trap: reason=bimorphic_or_optimized_type_check action=maybe_recompile pc=0x000001905260acdc method=org.eclipse.jdt.internal.core.search.indexing.BinaryIndexer.indexDocument()V @ 995 c2
Event: 121.859 Thread 0x0000019063af6420 DEOPT PACKING pc=0x000001905260acdc sp=0x0000008188cfeea0
Event: 121.859 Thread 0x0000019063af6420 DEOPT UNPACKING pc=0x00000190517c3aa2 sp=0x0000008188cfee00 mode 2
Event: 121.872 Thread 0x0000019063af6420 Uncommon trap: trap_request=0xffffffc6 fr.pc=0x000001905260acdc relative=0x0000000000005f9c
Event: 121.872 Thread 0x0000019063af6420 Uncommon trap: reason=bimorphic_or_optimized_type_check action=maybe_recompile pc=0x000001905260acdc method=org.eclipse.jdt.internal.core.search.indexing.BinaryIndexer.indexDocument()V @ 995 c2
Event: 121.872 Thread 0x0000019063af6420 DEOPT PACKING pc=0x000001905260acdc sp=0x0000008188cfeea0
Event: 121.872 Thread 0x0000019063af6420 DEOPT UNPACKING pc=0x00000190517c3aa2 sp=0x0000008188cfee00 mode 2

Classes loaded (20 events):
Event: 52.160 Loading class sun/nio/ch/WindowsAsynchronousFileChannelImpl$WriteTask
Event: 52.160 Loading class sun/nio/ch/WindowsAsynchronousFileChannelImpl$WriteTask done
Event: 52.828 Loading class jdk/internal/math/FormattedFPDecimal
Event: 52.828 Loading class jdk/internal/math/FormattedFPDecimal done
Event: 53.205 Loading class java/lang/Throwable$WrappedPrintWriter
Event: 53.205 Loading class java/lang/Throwable$PrintStreamOrWriter
Event: 53.205 Loading class java/lang/Throwable$PrintStreamOrWriter done
Event: 53.205 Loading class java/lang/Throwable$WrappedPrintWriter done
Event: 53.323 Loading class java/util/TreeMap$ValueSpliterator
Event: 53.324 Loading class java/util/TreeMap$TreeMapSpliterator
Event: 53.324 Loading class java/util/TreeMap$TreeMapSpliterator done
Event: 53.324 Loading class java/util/TreeMap$ValueSpliterator done
Event: 53.349 Loading class java/util/concurrent/CompletionException
Event: 53.349 Loading class java/util/concurrent/CompletionException done
Event: 54.583 Loading class java/nio/file/FileTreeWalker$1
Event: 54.584 Loading class java/nio/file/FileTreeWalker$1 done
Event: 80.911 Loading class java/util/concurrent/CompletableFuture$Signaller
Event: 80.912 Loading class java/util/concurrent/CompletableFuture$Signaller done
Event: 108.057 Loading class sun/nio/fs/WindowsFileCopy
Event: 108.057 Loading class sun/nio/fs/WindowsFileCopy done

Classes unloaded (12 events):
Event: 13.100 Thread 0x000001905b504030 Unloading class 0x00000190011a4800 'java/lang/invoke/LambdaForm$MH+0x00000190011a4800'
Event: 13.100 Thread 0x000001905b504030 Unloading class 0x00000190011a4400 'java/lang/invoke/LambdaForm$MH+0x00000190011a4400'
Event: 13.100 Thread 0x000001905b504030 Unloading class 0x00000190011a4000 'java/lang/invoke/LambdaForm$MH+0x00000190011a4000'
Event: 13.100 Thread 0x000001905b504030 Unloading class 0x00000190011a3c00 'java/lang/invoke/LambdaForm$MH+0x00000190011a3c00'
Event: 13.100 Thread 0x000001905b504030 Unloading class 0x00000190011a3800 'java/lang/invoke/LambdaForm$BMH+0x00000190011a3800'
Event: 13.100 Thread 0x000001905b504030 Unloading class 0x00000190011a3400 'java/lang/invoke/LambdaForm$DMH+0x00000190011a3400'
Event: 13.100 Thread 0x000001905b504030 Unloading class 0x00000190011a2400 'java/lang/invoke/LambdaForm$DMH+0x00000190011a2400'
Event: 15.406 Thread 0x000001905b504030 Unloading class 0x000001900130c400 'java/lang/invoke/LambdaForm$MH+0x000001900130c400'
Event: 15.406 Thread 0x000001905b504030 Unloading class 0x000001900130b800 'java/lang/invoke/LambdaForm$MH+0x000001900130b800'
Event: 15.406 Thread 0x000001905b504030 Unloading class 0x000001900130b000 'java/lang/invoke/LambdaForm$MH+0x000001900130b000'
Event: 15.406 Thread 0x000001905b504030 Unloading class 0x000001900130a800 'java/lang/invoke/LambdaForm$MH+0x000001900130a800'
Event: 15.406 Thread 0x000001905b504030 Unloading class 0x000001900130a400 'java/lang/invoke/LambdaForm$DMH+0x000001900130a400'

Classes redefined (0 events):
No events

Internal exceptions (20 events):
Event: 117.861 Thread 0x0000019063af6420 Exception <a 'sun/nio/fs/WindowsException'{0x00000000eab87928}> (0x00000000eab87928) 
thrown [s\src\hotspot\share\prims\jni.cpp, line 520]
Event: 118.070 Thread 0x0000019063af6420 Exception <a 'sun/nio/fs/WindowsException'{0x00000000eaba06c0}> (0x00000000eaba06c0) 
thrown [s\src\hotspot\share\prims\jni.cpp, line 520]
Event: 118.123 Thread 0x0000019063af6420 Exception <a 'sun/nio/fs/WindowsException'{0x00000000eabb80a8}> (0x00000000eabb80a8) 
thrown [s\src\hotspot\share\prims\jni.cpp, line 520]
Event: 118.377 Thread 0x0000019063af6420 Exception <a 'sun/nio/fs/WindowsException'{0x00000000eab61cd0}> (0x00000000eab61cd0) 
thrown [s\src\hotspot\share\prims\jni.cpp, line 520]
Event: 118.469 Thread 0x0000019063af6420 Exception <a 'sun/nio/fs/WindowsException'{0x00000000eabe9930}> (0x00000000eabe9930) 
thrown [s\src\hotspot\share\prims\jni.cpp, line 520]
Event: 118.509 Thread 0x0000019063af6420 Exception <a 'sun/nio/fs/WindowsException'{0x00000000eac579a0}> (0x00000000eac579a0) 
thrown [s\src\hotspot\share\prims\jni.cpp, line 520]
Event: 118.844 Thread 0x0000019063af6420 Exception <a 'sun/nio/fs/WindowsException'{0x00000000eab1ff38}> (0x00000000eab1ff38) 
thrown [s\src\hotspot\share\prims\jni.cpp, line 520]
Event: 118.994 Thread 0x0000019063af6420 Exception <a 'sun/nio/fs/WindowsException'{0x00000000eac65dc0}> (0x00000000eac65dc0) 
thrown [s\src\hotspot\share\prims\jni.cpp, line 520]
Event: 119.093 Thread 0x0000019063af6420 Exception <a 'sun/nio/fs/WindowsException'{0x00000000eac082e0}> (0x00000000eac082e0) 
thrown [s\src\hotspot\share\prims\jni.cpp, line 520]
Event: 119.147 Thread 0x0000019063af6420 Exception <a 'sun/nio/fs/WindowsException'{0x00000000eab4b618}> (0x00000000eab4b618) 
thrown [s\src\hotspot\share\prims\jni.cpp, line 520]
Event: 119.391 Thread 0x0000019063af6420 Exception <a 'sun/nio/fs/WindowsException'{0x00000000eabf3380}> (0x00000000eabf3380) 
thrown [s\src\hotspot\share\prims\jni.cpp, line 520]
Event: 119.460 Thread 0x0000019063af6420 Exception <a 'sun/nio/fs/WindowsException'{0x00000000eac6d4c0}> (0x00000000eac6d4c0) 
thrown [s\src\hotspot\share\prims\jni.cpp, line 520]
Event: 119.750 Thread 0x0000019063af6420 Exception <a 'sun/nio/fs/WindowsException'{0x00000000eab21d30}> (0x00000000eab21d30) 
thrown [s\src\hotspot\share\prims\jni.cpp, line 520]
Event: 119.916 Thread 0x0000019063af6420 Exception <a 'sun/nio/fs/WindowsException'{0x00000000eac5cb60}> (0x00000000eac5cb60) 
thrown [s\src\hotspot\share\prims\jni.cpp, line 520]
Event: 120.225 Thread 0x0000019063af6420 Exception <a 'sun/nio/fs/WindowsException'{0x00000000eab43f70}> (0x00000000eab43f70) 
thrown [s\src\hotspot\share\prims\jni.cpp, line 520]
Event: 120.742 Thread 0x0000019063af6420 Exception <a 'sun/nio/fs/WindowsException'{0x00000000ead2c930}> (0x00000000ead2c930) 
thrown [s\src\hotspot\share\prims\jni.cpp, line 520]
Event: 120.872 Thread 0x0000019063af6420 Exception <a 'sun/nio/fs/WindowsException'{0x00000000eab45850}> (0x00000000eab45850) 
thrown [s\src\hotspot\share\prims\jni.cpp, line 520]
Event: 121.131 Thread 0x0000019063af6420 Exception <a 'sun/nio/fs/WindowsException'{0x00000000eabe9f08}> (0x00000000eabe9f08) 
thrown [s\src\hotspot\share\prims\jni.cpp, line 520]
Event: 121.430 Thread 0x0000019063af6420 Exception <a 'sun/nio/fs/WindowsException'{0x00000000eacf2db0}> (0x00000000eacf2db0) 
thrown [s\src\hotspot\share\prims\jni.cpp, line 520]
Event: 121.651 Thread 0x0000019063af6420 Exception <a 'sun/nio/fs/WindowsException'{0x00000000eab1cfc0}> (0x00000000eab1cfc0) 
thrown [s\src\hotspot\share\prims\jni.cpp, line 520]

ZGC Phase Switch (0 events):
No events

VM Operations (20 events):
Event: 120.602 Executing VM operation: ParallelGCFailedAllocation (Allocation Failure)
Event: 120.604 Executing VM operation: ParallelGCFailedAllocation (Allocation Failure) done
Event: 120.613 Executing VM operation: ParallelGCFailedAllocation (Allocation Failure)
Event: 120.615 Executing VM operation: ParallelGCFailedAllocation (Allocation Failure) done
Event: 120.625 Executing VM operation: ParallelGCFailedAllocation (Allocation Failure)
Event: 120.627 Executing VM operation: ParallelGCFailedAllocation (Allocation Failure) done
Event: 120.637 Executing VM operation: ParallelGCFailedAllocation (Allocation Failure)
Event: 120.639 Executing VM operation: ParallelGCFailedAllocation (Allocation Failure) done
Event: 120.649 Executing VM operation: ParallelGCFailedAllocation (Allocation Failure)
Event: 120.651 Executing VM operation: ParallelGCFailedAllocation (Allocation Failure) done
Event: 120.854 Executing VM operation: ParallelGCFailedAllocation (Allocation Failure)
Event: 120.855 Executing VM operation: ParallelGCFailedAllocation (Allocation Failure) done
Event: 121.627 Executing VM operation: ParallelGCFailedAllocation (Allocation Failure)
Event: 121.629 Executing VM operation: ParallelGCFailedAllocation (Allocation Failure) done
Event: 121.640 Executing VM operation: ParallelGCFailedAllocation (Allocation Failure)
Event: 121.642 Executing VM operation: ParallelGCFailedAllocation (Allocation Failure) done
Event: 121.860 Executing VM operation: ParallelGCFailedAllocation (Allocation Failure)
Event: 121.862 Executing VM operation: ParallelGCFailedAllocation (Allocation Failure) done
Event: 121.873 Executing VM operation: ParallelGCFailedAllocation (Allocation Failure)
Event: 121.875 Executing VM operation: ParallelGCFailedAllocation (Allocation Failure) done

Memory protections (0 events):
No events

Nmethod flushes (20 events):
Event: 15.415 Thread 0x000001905b504030 flushing  nmethod 0x000001904aa28f10
Event: 15.415 Thread 0x000001905b504030 flushing  nmethod 0x000001904aa2a710
Event: 15.415 Thread 0x000001905b504030 flushing  nmethod 0x000001904aa2b010
Event: 15.415 Thread 0x000001905b504030 flushing  nmethod 0x000001904aa2c210
Event: 15.415 Thread 0x000001905b504030 flushing  nmethod 0x000001904aa2ca10
Event: 15.415 Thread 0x000001905b504030 flushing  nmethod 0x000001904aa2d190
Event: 15.415 Thread 0x000001905b504030 flushing  nmethod 0x000001904aa2e710
Event: 15.415 Thread 0x000001905b504030 flushing  nmethod 0x000001904aa2ec10
Event: 15.415 Thread 0x000001905b504030 flushing  nmethod 0x000001904aa2f510
Event: 15.415 Thread 0x000001905b504030 flushing  nmethod 0x000001904aa2fd90
Event: 15.415 Thread 0x000001905b504030 flushing  nmethod 0x000001904aa30910
Event: 15.415 Thread 0x000001905b504030 flushing  nmethod 0x000001904aa32390
Event: 15.415 Thread 0x000001905b504030 flushing  nmethod 0x000001904aa32d10
Event: 15.415 Thread 0x000001905b504030 flushing  nmethod 0x000001904aa34110
Event: 15.415 Thread 0x000001905b504030 flushing  nmethod 0x000001904aa8d810
Event: 15.415 Thread 0x000001905b504030 flushing  nmethod 0x000001904aa94a10
Event: 15.415 Thread 0x000001905b504030 flushing  nmethod 0x000001904aa9e790
Event: 15.415 Thread 0x000001905b504030 flushing  nmethod 0x000001904aaee490
Event: 15.415 Thread 0x000001905b504030 flushing  nmethod 0x000001904ab3b690
Event: 15.415 Thread 0x000001905b504030 flushing  nmethod 0x000001904ab78110

Events (20 events):
Event: 35.334 Thread 0x000001904713a260 Thread added: 0x00000190665fdbd0
Event: 35.334 Thread 0x000001904713a260 Thread added: 0x00000190665f72d0
Event: 35.438 Thread 0x000001904713a260 Thread added: 0x00000190665fceb0
Event: 35.731 Thread 0x000001904713a260 Thread added: 0x00000190665f7ff0
Event: 35.731 Thread 0x000001904713a260 Thread added: 0x00000190665f93a0
Event: 36.146 Thread 0x0000019063af4350 Thread added: 0x00000190665fe260
Event: 36.178 Thread 0x00000190665fe260 Thread exited: 0x00000190665fe260
Event: 36.329 Thread 0x0000019064091b20 Thread exited: 0x0000019064091b20
Event: 38.252 Thread 0x000001906335e220 Thread exited: 0x000001906335e220
Event: 38.372 Thread 0x0000019063af4350 Thread added: 0x00000190665fd540
Event: 43.536 Thread 0x000001905ca292a0 Thread added: 0x0000019064aedc30
Event: 45.738 Thread 0x0000019064aedc30 Thread exited: 0x0000019064aedc30
Event: 48.410 Thread 0x000001905ca292a0 Thread added: 0x0000019066bffdf0
Event: 48.821 Thread 0x0000019066bffdf0 Thread exited: 0x0000019066bffdf0
Event: 51.179 Thread 0x000001905ca292a0 Thread added: 0x00000190673b0df0
Event: 51.184 Thread 0x000001905ca292a0 Thread added: 0x00000190673b1490
Event: 53.401 Thread 0x00000190665fd540 Thread exited: 0x00000190665fd540
Event: 55.883 Thread 0x00000190673b1490 Thread exited: 0x00000190673b1490
Event: 55.884 Thread 0x00000190673b0df0 Thread exited: 0x00000190673b0df0
Event: 80.843 Thread 0x0000019063af5d90 Thread added: 0x00000190665fe260


Dynamic libraries:
0x00007ff6d19d0000 - 0x00007ff6d19de000 	c:\Users\yyzha\.vscode\extensions\redhat.java-1.42.0-win32-x64\jre\21.0.7-win32-x86_64\bin\java.exe
0x00007fff46cd0000 - 0x00007fff46ee7000 	C:\WINDOWS\SYSTEM32\ntdll.dll
0x00007fff452b0000 - 0x00007fff45374000 	C:\WINDOWS\System32\KERNEL32.DLL
0x00007fff44330000 - 0x00007fff44703000 	C:\WINDOWS\System32\KERNELBASE.dll
0x00007fff43dc0000 - 0x00007fff43ed1000 	C:\WINDOWS\System32\ucrtbase.dll
0x00007fff3a2e0000 - 0x00007fff3a2f8000 	c:\Users\yyzha\.vscode\extensions\redhat.java-1.42.0-win32-x64\jre\21.0.7-win32-x86_64\bin\jli.dll
0x00007fff11ee0000 - 0x00007fff11efe000 	c:\Users\yyzha\.vscode\extensions\redhat.java-1.42.0-win32-x64\jre\21.0.7-win32-x86_64\bin\VCRUNTIME140.dll
0x00007fff461f0000 - 0x00007fff463a1000 	C:\WINDOWS\System32\USER32.dll
0x00007fff43f10000 - 0x00007fff43f36000 	C:\WINDOWS\System32\win32u.dll
0x00007fff1e860000 - 0x00007fff1eafb000 	C:\WINDOWS\WinSxS\amd64_microsoft.windows.common-controls_6595b64144ccf1df_6.0.22621.5262_none_2712bde373830908\COMCTL32.dll
0x00007fff46c50000 - 0x00007fff46c79000 	C:\WINDOWS\System32\GDI32.dll
0x00007fff44a10000 - 0x00007fff44ab7000 	C:\WINDOWS\System32\msvcrt.dll
0x00007fff44710000 - 0x00007fff44832000 	C:\WINDOWS\System32\gdi32full.dll
0x00007fff448c0000 - 0x00007fff4495a000 	C:\WINDOWS\System32\msvcp_win.dll
0x00007fff45780000 - 0x00007fff457b1000 	C:\WINDOWS\System32\IMM32.DLL
0x00007fff3d3c0000 - 0x00007fff3d3cc000 	c:\Users\yyzha\.vscode\extensions\redhat.java-1.42.0-win32-x64\jre\21.0.7-win32-x86_64\bin\vcruntime140_1.dll
0x00007ffee72c0000 - 0x00007ffee734d000 	c:\Users\yyzha\.vscode\extensions\redhat.java-1.42.0-win32-x64\jre\21.0.7-win32-x86_64\bin\msvcp140.dll
0x00007ffe5f630000 - 0x00007ffe603c0000 	c:\Users\yyzha\.vscode\extensions\redhat.java-1.42.0-win32-x64\jre\21.0.7-win32-x86_64\bin\server\jvm.dll
0x00007fff457d0000 - 0x00007fff45881000 	C:\WINDOWS\System32\ADVAPI32.dll
0x00007fff44960000 - 0x00007fff44a07000 	C:\WINDOWS\System32\sechost.dll
0x00007fff43ee0000 - 0x00007fff43f08000 	C:\WINDOWS\System32\bcrypt.dll
0x00007fff44d90000 - 0x00007fff44ea4000 	C:\WINDOWS\System32\RPCRT4.dll
0x00007fff44b40000 - 0x00007fff44bb1000 	C:\WINDOWS\System32\WS2_32.dll
0x00007fff43760000 - 0x00007fff437ad000 	C:\WINDOWS\SYSTEM32\POWRPROF.dll
0x00007fff385f0000 - 0x00007fff38624000 	C:\WINDOWS\SYSTEM32\WINMM.dll
0x00007fff3c2c0000 - 0x00007fff3c2ca000 	C:\WINDOWS\SYSTEM32\VERSION.dll
0x00007fff43740000 - 0x00007fff43753000 	C:\WINDOWS\SYSTEM32\UMPDC.dll
0x00007fff42dc0000 - 0x00007fff42dd8000 	C:\WINDOWS\SYSTEM32\kernel.appcore.dll
0x00007fff39fc0000 - 0x00007fff39fca000 	c:\Users\yyzha\.vscode\extensions\redhat.java-1.42.0-win32-x64\jre\21.0.7-win32-x86_64\bin\jimage.dll
0x00007fff41550000 - 0x00007fff41782000 	C:\WINDOWS\SYSTEM32\DBGHELP.DLL
0x00007fff453d0000 - 0x00007fff45763000 	C:\WINDOWS\System32\combase.dll
0x00007fff45f40000 - 0x00007fff46017000 	C:\WINDOWS\System32\OLEAUT32.dll
0x00007fff3b4e0000 - 0x00007fff3b512000 	C:\WINDOWS\SYSTEM32\dbgcore.DLL
0x00007fff44840000 - 0x00007fff448bb000 	C:\WINDOWS\System32\bcryptPrimitives.dll
0x00007fff3a2d0000 - 0x00007fff3a2df000 	c:\Users\yyzha\.vscode\extensions\redhat.java-1.42.0-win32-x64\jre\21.0.7-win32-x86_64\bin\instrument.dll
0x00007fff11b40000 - 0x00007fff11b5f000 	c:\Users\yyzha\.vscode\extensions\redhat.java-1.42.0-win32-x64\jre\21.0.7-win32-x86_64\bin\java.dll
0x00007fff463b0000 - 0x00007fff46c4d000 	C:\WINDOWS\System32\SHELL32.dll
0x00007fff440b0000 - 0x00007fff441ef000 	C:\WINDOWS\System32\wintypes.dll
0x00007fff41cb0000 - 0x00007fff425cd000 	C:\WINDOWS\SYSTEM32\windows.storage.dll
0x00007fff45890000 - 0x00007fff4599b000 	C:\WINDOWS\System32\SHCORE.dll
0x00007fff46020000 - 0x00007fff46086000 	C:\WINDOWS\System32\shlwapi.dll
0x00007fff43cf0000 - 0x00007fff43d1b000 	C:\WINDOWS\SYSTEM32\profapi.dll
0x00007fff11b20000 - 0x00007fff11b38000 	c:\Users\yyzha\.vscode\extensions\redhat.java-1.42.0-win32-x64\jre\21.0.7-win32-x86_64\bin\zip.dll
0x00007fff2ff90000 - 0x00007fff2ffa0000 	C:\Users\yyzha\.vscode\extensions\redhat.java-1.42.0-win32-x64\jre\21.0.7-win32-x86_64\bin\net.dll
0x00007fff3f820000 - 0x00007fff3f94c000 	C:\WINDOWS\SYSTEM32\WINHTTP.dll
0x00007fff2b5a0000 - 0x00007fff2b71b000 	C:\Program Files (x86)\Sangfor\SSL\ClientComponent2\SangforTcpX64.dll
0x00007fff45100000 - 0x00007fff452a1000 	C:\WINDOWS\System32\ole32.dll
0x00007fff46c80000 - 0x00007fff46c88000 	C:\WINDOWS\System32\PSAPI.DLL
0x00007fff441f0000 - 0x00007fff4426c000 	C:\WINDOWS\System32\WINTRUST.dll
0x00007fff43f40000 - 0x00007fff440a7000 	C:\WINDOWS\System32\CRYPT32.dll
0x00007fff434e0000 - 0x00007fff434f2000 	C:\WINDOWS\SYSTEM32\MSASN1.dll
0x00007fff43240000 - 0x00007fff432aa000 	C:\WINDOWS\system32\mswsock.dll
0x00007fff058e0000 - 0x00007fff058f6000 	C:\Users\yyzha\.vscode\extensions\redhat.java-1.42.0-win32-x64\jre\21.0.7-win32-x86_64\bin\nio.dll
0x00007fff2bd60000 - 0x00007fff2bd70000 	c:\Users\yyzha\.vscode\extensions\redhat.java-1.42.0-win32-x64\jre\21.0.7-win32-x86_64\bin\verify.dll
0x00007ffee7490000 - 0x00007ffee74d5000 	C:\Users\yyzha\AppData\Roaming\Code\User\globalStorage\redhat.java\1.42.0\config_win\org.eclipse.equinox.launcher\org.eclipse.equinox.launcher.win32.win32.x86_64_1.2.1300.v20250331-1702\eclipse_11911.dll
0x00007fff43480000 - 0x00007fff4349b000 	C:\WINDOWS\SYSTEM32\CRYPTSP.dll
0x00007fff42d20000 - 0x00007fff42d57000 	C:\WINDOWS\system32\rsaenh.dll
0x00007fff43300000 - 0x00007fff43328000 	C:\WINDOWS\SYSTEM32\USERENV.dll
0x00007fff43470000 - 0x00007fff4347c000 	C:\WINDOWS\SYSTEM32\CRYPTBASE.dll
0x00007fff42870000 - 0x00007fff4289d000 	C:\WINDOWS\SYSTEM32\IPHLPAPI.DLL
0x00007fff45770000 - 0x00007fff45779000 	C:\WINDOWS\System32\NSI.dll
0x00007ffee3fc0000 - 0x00007ffee4009000 	C:\Users\yyzha\AppData\Local\Temp\jna-115471315\jna17698050083272282222.dll
0x00007fff3fc80000 - 0x00007fff3fc99000 	C:\WINDOWS\SYSTEM32\dhcpcsvc6.DLL
0x00007fff3f800000 - 0x00007fff3f81f000 	C:\WINDOWS\SYSTEM32\dhcpcsvc.DLL
0x00007fff11f80000 - 0x00007fff11f8e000 	C:\Users\yyzha\.vscode\extensions\redhat.java-1.42.0-win32-x64\jre\21.0.7-win32-x86_64\bin\sunmscapi.dll
0x00007fff43710000 - 0x00007fff4373d000 	C:\WINDOWS\SYSTEM32\ncrypt.dll
0x00007fff436d0000 - 0x00007fff43707000 	C:\WINDOWS\SYSTEM32\NTASN1.dll
0x00007fff165f0000 - 0x00007fff1661f000 	C:\Program Files (x86)\Sangfor\SSL\ClientComponent2\SangforNspX64.dll
0x00007fff428a0000 - 0x00007fff42998000 	C:\WINDOWS\SYSTEM32\DNSAPI.dll
0x00007fff3cc30000 - 0x00007fff3cc3a000 	C:\Windows\System32\rasadhlp.dll
0x00007fff3e340000 - 0x00007fff3e3c3000 	C:\WINDOWS\System32\fwpuclnt.dll
0x00007fff0e0a0000 - 0x00007fff0e0a9000 	C:\Users\yyzha\.vscode\extensions\redhat.java-1.42.0-win32-x64\jre\21.0.7-win32-x86_64\bin\extnet.dll

dbghelp: loaded successfully - version: 4.0.5 - missing functions: none
symbol engine: initialized successfully - sym options: 0x614 - pdb path: .;c:\Users\yyzha\.vscode\extensions\redhat.java-1.42.0-win32-x64\jre\21.0.7-win32-x86_64\bin;C:\WINDOWS\SYSTEM32;C:\WINDOWS\WinSxS\amd64_microsoft.windows.common-controls_6595b64144ccf1df_6.0.22621.5262_none_2712bde373830908;c:\Users\yyzha\.vscode\extensions\redhat.java-1.42.0-win32-x64\jre\21.0.7-win32-x86_64\bin\server;C:\Program Files (x86)\Sangfor\SSL\ClientComponent2;C:\Users\yyzha\AppData\Roaming\Code\User\globalStorage\redhat.java\1.42.0\config_win\org.eclipse.equinox.launcher\org.eclipse.equinox.launcher.win32.win32.x86_64_1.2.1300.v20250331-1702;C:\Users\yyzha\AppData\Local\Temp\jna-115471315

VM Arguments:
jvm_args: --add-modules=ALL-SYSTEM --add-opens=java.base/java.util=ALL-UNNAMED --add-opens=java.base/java.lang=ALL-UNNAMED --add-opens=java.base/sun.nio.fs=ALL-UNNAMED -Declipse.application=org.eclipse.jdt.ls.core.id1 -Dosgi.bundles.defaultStartLevel=4 -Declipse.product=org.eclipse.jdt.ls.core.product -Djava.import.generatesMetadataFilesAtProjectRoot=false -DDetectVMInstallationsJob.disabled=true -Dfile.encoding=utf8 -XX:+UseParallelGC -XX:GCTimeRatio=4 -XX:AdaptiveSizePolicyWeight=90 -Dsun.zip.disableMemoryMapping=true -Xmx1G -Xms100m -Xlog:disable -javaagent:c:\Users\yyzha\.vscode\extensions\redhat.java-1.42.0-win32-x64\lombok\lombok-1.18.36.jar -XX:+HeapDumpOnOutOfMemoryError -XX:HeapDumpPath=c:\Users\yyzha\AppData\Roaming\Code\User\workspaceStorage\d43ecf292fdbe8d118adc96e0c036a6d\redhat.java -Daether.dependencyCollector.impl=bf 
java_command: c:\Users\yyzha\.vscode\extensions\redhat.java-1.42.0-win32-x64\server\plugins\org.eclipse.equinox.launcher_1.7.0.v20250424-1814.jar -configuration c:\Users\yyzha\AppData\Roaming\Code\User\globalStorage\redhat.java\1.42.0\config_win -data c:\Users\yyzha\AppData\Roaming\Code\User\workspaceStorage\d43ecf292fdbe8d118adc96e0c036a6d\redhat.java\jdt_ws --pipe=\\.\pipe\lsp-48b25bc6f62ce3590bfd5d3f58bb7599-sock
java_class_path (initial): c:\Users\yyzha\.vscode\extensions\redhat.java-1.42.0-win32-x64\server\plugins\org.eclipse.equinox.launcher_1.7.0.v20250424-1814.jar
Launcher Type: SUN_STANDARD

[Global flags]
    uintx AdaptiveSizePolicyWeight                 = 90                                        {product} {command line}
     intx CICompilerCount                          = 12                                        {product} {ergonomic}
    uintx GCTimeRatio                              = 4                                         {product} {command line}
     bool HeapDumpOnOutOfMemoryError               = true                                   {manageable} {command line}
    ccstr HeapDumpPath                             = c:\Users\yyzha\AppData\Roaming\Code\User\workspaceStorage\d43ecf292fdbe8d118adc96e0c036a6d\redhat.java         {manageable} {command line}
   size_t InitialHeapSize                          = 104857600                                 {product} {command line}
   size_t MaxHeapSize                              = 1073741824                                {product} {command line}
   size_t MaxNewSize                               = 357564416                                 {product} {ergonomic}
   size_t MinHeapDeltaBytes                        = 524288                                    {product} {ergonomic}
   size_t MinHeapSize                              = 104857600                                 {product} {command line}
   size_t NewSize                                  = 34603008                                  {product} {ergonomic}
    uintx NonNMethodCodeHeapSize                   = 7602480                                {pd product} {ergonomic}
    uintx NonProfiledCodeHeapSize                  = 122027880                              {pd product} {ergonomic}
   size_t OldSize                                  = 70254592                                  {product} {ergonomic}
    uintx ProfiledCodeHeapSize                     = 122027880                              {pd product} {ergonomic}
    uintx ReservedCodeCacheSize                    = 251658240                              {pd product} {ergonomic}
     bool SegmentedCodeCache                       = true                                      {product} {ergonomic}
   size_t SoftMaxHeapSize                          = 1073741824                             {manageable} {ergonomic}
     bool UseCompressedOops                        = true                           {product lp64_product} {ergonomic}
     bool UseLargePagesIndividualAllocation        = false                                  {pd product} {ergonomic}
     bool UseParallelGC                            = true                                      {product} {command line}

Logging:
Log output configuration:
 #0: stdout all=off uptime,level,tags foldmultilines=false
 #1: stderr all=off uptime,level,tags foldmultilines=false

Environment Variables:
JAVA_HOME=D:\Programs\Scoop\apps\openjdk\current
CLASSPATH=D:\Programs\Qoppa Software\PDF Studio 2023\lib\pdfstudio.jar;D:\Programs\Qoppa Software\PDF Studio 2023\lib\cmaps.jar
PATH=C:\Program Files\PowerShell\7;C:\Program Files\Quarto\bin;D:\Programs\Python311\Scripts\;D:\Programs\Python311\;C:\Program Files\Eclipse Adoptium\jdk-8.0.345.1-hotspot\bin;C:\Windows\System32;C:\Windows;C:\Windows\System32\wbem;C:\Windows\System32\WindowsPowerShell\v1.0\;C:\Windows\System32\OpenSSH\;C:\Program Files\dotnet\;C:\ProgramData\chocolatey\bin;D:\Programs\CMake\bin;C:\Program Files\Docker\Docker\resources\bin;D:\Programs\Gource\cmd;D:\Programs\Scoop\apps\gpg4win\4.1.0\GnuPG\bin;C:\Program Files (x86)\NetSarang\Xshell 7\;C:\Program Files (x86)\NetSarang\Xmanager 7\;D:\Programs\nodejs\;C:\Program Files\Tailscale\;D:\Programs\Qoppa Software\PDF Studio 2023\jre\bin\server;C:\Program Files (x86)\sbt\bin;D:\Programs\Git\cmd;C:\Program Files\PowerShell\7\;c:\Users\yyzha\AppData\Local\Programs\Trae\bin;D:\Programs\Scoop\apps\vulkan\current\Bin;D:\Programs\Scoop\apps\vulkan\current\Tools;D:\Programs\Scoop\apps\llvm\current\bin;D:\Programs\Scoop\apps\openjdk\current\bin;D:\Programs\Scoop\apps\ghcup\current\ghcup\bin;C:\Users\yyzha\go\bin;C:\Users\yyzha\.moon\bin;D:\Programs\Scoop\apps\maven\current\bin;D:\Programs\Scoop\apps\elixir\current\bin;D:\Programs\Scoop\shims;D:\Programs\Scoop\apps\miniconda3\current\scripts;D:\Programs\Scoop\apps\miniconda3\current\Library\bin;D:\Programs\Scoop\apps\python\current\Scripts;D:\Programs\Scoop\apps\python\current;D:\Programs\Scoop\apps\graalvm\current\bin;D:\Programs\Scoop\apps\gpg4win\current\GnuPG\bin;D:\Programs\Scoop\apps\gpg4win\current\Gpg4win\bin;D:\Programs\Rust\.cargo\bin;C:\Users\yyzha\AppData\Local\Microsoft\WindowsApps;D:\Programs\Microsoft VS Code\bin;D:\Programs\cpolar\;C:\Users\yyzha\AppData\Local\GitHubDesktop\bin;C:\Users\yyzha\AppData\Local\Microsoft\WindowsApps;C:\Users\yyzha\AppData\Local\JetBrains\Toolbox\scripts;C:\Users\yyzha\AppData\Roaming\npm;C:\Users\yyzha\.dotnet\tools;C:\Users\yyzha\.dotnet\tools;D:\Programs\Multipass\bin;C:\Users\yyzha\AppData\Local\Coursier\data\bin
USERNAME=yyzha
OS=Windows_NT
PROCESSOR_IDENTIFIER=Intel64 Family 6 Model 151 Stepping 2, GenuineIntel
TMP=C:\Users\yyzha\AppData\Local\Temp
TEMP=C:\Users\yyzha\AppData\Local\Temp




Periodic native trim disabled

---------------  S Y S T E M  ---------------

OS:
 Windows 11 , 64 bit Build 22621 (10.0.22621.5262)
OS uptime: 20 days 18:10 hours
Hyper-V role detected

CPU: total 20 (initial active 20) (10 cores per cpu, 2 threads per core) family 6 model 151 stepping 2 microcode 0x2c, cx8, cmov, fxsr, ht, mmx, 3dnowpref, sse, sse2, sse3, ssse3, sse4.1, sse4.2, popcnt, lzcnt, tsc, tscinvbit, avx, avx2, aes, erms, clmul, bmi1, bmi2, adx, sha, fma, vzeroupper, clflush, clflushopt, clwb, hv, serialize, rdtscp, rdpid, fsrm, f16c, cet_ibt, cet_ss
Processor Information for processor 0
  Max Mhz: 2100, Current Mhz: 2100, Mhz Limit: 2100
Processor Information for processor 1
  Max Mhz: 2100, Current Mhz: 2100, Mhz Limit: 2100
Processor Information for processor 2
  Max Mhz: 2100, Current Mhz: 2100, Mhz Limit: 2100
Processor Information for processor 3
  Max Mhz: 2100, Current Mhz: 2100, Mhz Limit: 2100
Processor Information for processor 4
  Max Mhz: 2100, Current Mhz: 2100, Mhz Limit: 2100
Processor Information for processor 5
  Max Mhz: 2100, Current Mhz: 2100, Mhz Limit: 2100
Processor Information for processor 6
  Max Mhz: 2100, Current Mhz: 2100, Mhz Limit: 2100
Processor Information for processor 7
  Max Mhz: 2100, Current Mhz: 2100, Mhz Limit: 2100
Processor Information for processor 8
  Max Mhz: 2100, Current Mhz: 2100, Mhz Limit: 2100
Processor Information for processor 9
  Max Mhz: 2100, Current Mhz: 2100, Mhz Limit: 2100
Processor Information for processor 10
  Max Mhz: 2100, Current Mhz: 2100, Mhz Limit: 2100
Processor Information for processor 11
  Max Mhz: 2100, Current Mhz: 2100, Mhz Limit: 2100
Processor Information for processor 12
  Max Mhz: 2100, Current Mhz: 2100, Mhz Limit: 2100
Processor Information for processor 13
  Max Mhz: 2100, Current Mhz: 2100, Mhz Limit: 2100
Processor Information for processor 14
  Max Mhz: 2100, Current Mhz: 2100, Mhz Limit: 2100
Processor Information for processor 15
  Max Mhz: 2100, Current Mhz: 2100, Mhz Limit: 2100
Processor Information for processor 16
  Max Mhz: 2100, Current Mhz: 1600, Mhz Limit: 1596
Processor Information for processor 17
  Max Mhz: 2100, Current Mhz: 1600, Mhz Limit: 1596
Processor Information for processor 18
  Max Mhz: 2100, Current Mhz: 1600, Mhz Limit: 1596
Processor Information for processor 19
  Max Mhz: 2100, Current Mhz: 1600, Mhz Limit: 1596

Memory: 4k page, system-wide physical 16072M (1368M free)
TotalPageFile size 46242M (AvailPageFile size 0M)
current process WorkingSet (physical memory assigned to process): 787M, peak: 787M
current process commit charge ("private bytes"): 750M, peak: 947M

vm_info: OpenJDK 64-Bit Server VM (21.0.7+6-LTS) for windows-amd64 JRE (21.0.7+6-LTS), built on 2025-04-15T00:00:00Z by "admin" with MS VC++ 17.7 (VS2022)

END.
